
> flecs-webapp@5.1.0-red-deer test
> vitest


 DEV  v3.2.4 /home/sam/dev/flecs/flecs-webapp

 ✓ src/contexts/device/__tests__/DeviceStateProvider.test.tsx (31 tests) 161ms
 ✓ src/contexts/auth/__tests__/OAuth4WebApiAuthProvider.test.tsx (27 tests) 397ms
[baseline-browser-mapping] The data in this module is over two months old.  To ensure accurate Baseline data, please update: `npm i baseline-browser-mapping@latest -D`
 ❯ src/components/onboarding/steps/__tests__/SuperAdminStep.test.tsx (30 tests | 24 failed) 126ms
   × SuperAdminStep > SuperAdminStepComponent > Initial Rendering > renders the form with all required fields 30ms
     → usePublicAuthProviderApi must be used within PublicApiProvider
   × SuperAdminStep > SuperAdminStepComponent > Initial Rendering > has default username set to "admin" 4ms
     → usePublicAuthProviderApi must be used within PublicApiProvider
   × SuperAdminStep > SuperAdminStepComponent > Initial Rendering > has password fields initially empty 4ms
     → usePublicAuthProviderApi must be used within PublicApiProvider
   × SuperAdminStep > SuperAdminStepComponent > Form Input Handling > allows typing in username field 3ms
     → usePublicAuthProviderApi must be used within PublicApiProvider
   × SuperAdminStep > SuperAdminStepComponent > Form Input Handling > allows typing in password field 4ms
     → usePublicAuthProviderApi must be used within PublicApiProvider
   × SuperAdminStep > SuperAdminStepComponent > Form Input Handling > allows typing in confirm password field 2ms
     → usePublicAuthProviderApi must be used within PublicApiProvider
   × SuperAdminStep > SuperAdminStepComponent > Password Visibility Toggle > toggles password visibility for password field 2ms
     → usePublicAuthProviderApi must be used within PublicApiProvider
   × SuperAdminStep > SuperAdminStepComponent > Password Visibility Toggle > toggles password visibility for confirm password field 2ms
     → usePublicAuthProviderApi must be used within PublicApiProvider
   × SuperAdminStep > SuperAdminStepComponent > Password Strength Indicator > shows password strength indicator when password is entered 3ms
     → usePublicAuthProviderApi must be used within PublicApiProvider
   × SuperAdminStep > SuperAdminStepComponent > Password Strength Indicator > shows different strength levels based on password complexity 2ms
     → usePublicAuthProviderApi must be used within PublicApiProvider
   × SuperAdminStep > SuperAdminStepComponent > Password Strength Indicator > does not show password strength when password is empty 2ms
     → usePublicAuthProviderApi must be used within PublicApiProvider
   × SuperAdminStep > SuperAdminStepComponent > Form Validation > shows validation error for empty username 2ms
     → usePublicAuthProviderApi must be used within PublicApiProvider
   × SuperAdminStep > SuperAdminStepComponent > Form Validation > shows validation error for empty password 2ms
     → usePublicAuthProviderApi must be used within PublicApiProvider
   × SuperAdminStep > SuperAdminStepComponent > Form Validation > shows validation error for mismatched passwords 2ms
     → usePublicAuthProviderApi must be used within PublicApiProvider
   × SuperAdminStep > SuperAdminStepComponent > Form Submission > submits form with correct data when valid 2ms
     → usePublicAuthProviderApi must be used within PublicApiProvider
   × SuperAdminStep > SuperAdminStepComponent > Form Submission > handles API error during submission 2ms
     → usePublicAuthProviderApi must be used within PublicApiProvider
   × SuperAdminStep > SuperAdminStepComponent > Form Submission > shows generic error message when no error message provided 2ms
     → usePublicAuthProviderApi must be used within PublicApiProvider
   × SuperAdminStep > SuperAdminStepComponent > Button States > allows clicking submit button when passwords do not match and shows validation error 2ms
     → usePublicAuthProviderApi must be used within PublicApiProvider
   × SuperAdminStep > SuperAdminStepComponent > Button States > allows clicking submit button when password is empty and shows validation error 13ms
     → usePublicAuthProviderApi must be used within PublicApiProvider
   × SuperAdminStep > SuperAdminStepComponent > Button States > allows clicking submit button when confirm password is empty and shows validation error 7ms
     → usePublicAuthProviderApi must be used within PublicApiProvider
   × SuperAdminStep > SuperAdminStepComponent > Button States > enables submit button when all fields are valid 2ms
     → usePublicAuthProviderApi must be used within PublicApiProvider
   × SuperAdminStep > SuperAdminStepComponent > Button States > shows loading state during submission 15ms
     → usePublicAuthProviderApi must be used within PublicApiProvider
   × SuperAdminStep > SuperAdminStepComponent > Button States > disables fields during loading 2ms
     → usePublicAuthProviderApi must be used within PublicApiProvider
   × SuperAdminStep > SuperAdminStepComponent > Error Display > displays parent error when provided 2ms
     → usePublicAuthProviderApi must be used within PublicApiProvider
   ✓ SuperAdminStep > SuperAdminStep Class > has correct properties 2ms
   ✓ SuperAdminStep > SuperAdminStep Class > has auth-provider dependency 1ms
   ✓ SuperAdminStep > SuperAdminStep Class > cannot be skipped 1ms
   ✓ SuperAdminStep > SuperAdminStep Class > checks completion status correctly 2ms
   ✓ SuperAdminStep > SuperAdminStep Class > returns false when no API context provided 1ms
   ✓ SuperAdminStep > SuperAdminStep Class > returns false when no auth API in context 1ms
stderr | src/components/apps/cards/__tests__/FullCard.test.tsx > FullCard Component > Dialog Behavior > renders dialog when open is true
An empty string ("") was passed to the href attribute. To fix this, either do not render the element at all or pass null to href instead of an empty string.

stderr | src/components/apps/cards/__tests__/FullCard.test.tsx > FullCard Component > Dialog Behavior > calls onClose when close button is clicked
An empty string ("") was passed to the href attribute. To fix this, either do not render the element at all or pass null to href instead of an empty string.

stderr | src/components/apps/cards/__tests__/FullCard.test.tsx > FullCard Component > Header Section > renders app title and author
An empty string ("") was passed to the href attribute. To fix this, either do not render the element at all or pass null to href instead of an empty string.

stderr | src/components/apps/cards/__tests__/FullCard.test.tsx > FullCard Component > Header Section > displays "Unknown" for missing author
An empty string ("") was passed to the href attribute. To fix this, either do not render the element at all or pass null to href instead of an empty string.

stderr | src/components/apps/cards/__tests__/FullCard.test.tsx > FullCard Component > Header Section > renders avatar with correct src and padding
An empty string ("") was passed to the href attribute. To fix this, either do not render the element at all or pass null to href instead of an empty string.

stderr | src/components/apps/cards/__tests__/FullCard.test.tsx > FullCard Component > Header Section > displays rating and review count
An empty string ("") was passed to the href attribute. To fix this, either do not render the element at all or pass null to href instead of an empty string.

stderr | src/components/apps/cards/__tests__/FullCard.test.tsx > FullCard Component > Header Section > displays singular "review" for single review
An empty string ("") was passed to the href attribute. To fix this, either do not render the element at all or pass null to href instead of an empty string.

stderr | src/components/apps/cards/__tests__/FullCard.test.tsx > FullCard Component > Header Section > displays categories as chips
An empty string ("") was passed to the href attribute. To fix this, either do not render the element at all or pass null to href instead of an empty string.

stderr | src/components/apps/cards/__tests__/FullCard.test.tsx > FullCard Component > Header Section > handles app without categories
An empty string ("") was passed to the href attribute. To fix this, either do not render the element at all or pass null to href instead of an empty string.

 ❯ src/components/device/__tests__/DeviceActivation.test.tsx (12 tests | 3 failed) 394ms
   ✓ DeviceActivation Component > Device is activated 189ms
   ✓ DeviceActivation Component > Device is not activated 28ms
   ✓ DeviceActivation Component > Activating device... 27ms
   ✓ DeviceActivation Component > Checking the device activation status... 17ms
   ✓ DeviceActivation Component > Line-Variant: Device is activated 37ms
   × DeviceActivation Component > Error on checking the device activation status shows marketplace login 25ms
     → useProtectedApi must be used within ProtectedApiProvider
   × DeviceActivation Component > Shows info box and marketplace login when no user is logged in and device is not activated 17ms
     → useProtectedApi must be used within ProtectedApiProvider
   ✓ DeviceActivation Component > Shows device activation UI when no user is logged in but device is already activated 15ms
   ✓ DeviceActivation Component > Auto-activates device when marketplace user is present and device is not activated 9ms
   ✓ DeviceActivation Component > Does not auto-activate if device is already activated 9ms
   ✓ DeviceActivation Component > Does not auto-activate if device is currently activating 10ms
   × DeviceActivation Component > Shows marketplace login and info box when there is an error in the DeviceActivationProvider 9ms
     → useProtectedApi must be used within ProtectedApiProvider
stderr | src/components/apps/cards/__tests__/FullCard.test.tsx > FullCard Component > Status Chips > does not show status chip for available app
An empty string ("") was passed to the href attribute. To fix this, either do not render the element at all or pass null to href instead of an empty string.

stderr | src/components/apps/cards/__tests__/FullCard.test.tsx > FullCard Component > Version Selector > renders version selector when versions are available
An empty string ("") was passed to the href attribute. To fix this, either do not render the element at all or pass null to href instead of an empty string.

stderr | src/components/apps/cards/__tests__/FullCard.test.tsx > FullCard Component > Version Selector > does not render version selector when no versions available
An empty string ("") was passed to the href attribute. To fix this, either do not render the element at all or pass null to href instead of an empty string.

stderr | src/components/apps/cards/__tests__/FullCard.test.tsx > FullCard Component > Action Buttons - Available App > shows install button for available app
An empty string ("") was passed to the href attribute. To fix this, either do not render the element at all or pass null to href instead of an empty string.

stderr | src/components/apps/cards/__tests__/FullCard.test.tsx > FullCard Component > Action Buttons - Available App > disables install button for incompatible app
An empty string ("") was passed to the href attribute. To fix this, either do not render the element at all or pass null to href instead of an empty string.

stderr | src/components/apps/cards/__tests__/FullCard.test.tsx > FullCard Component > Action Buttons - Available App > shows incompatibility alert for incompatible app
An empty string ("") was passed to the href attribute. To fix this, either do not render the element at all or pass null to href instead of an empty string.

stderr | src/components/apps/cards/__tests__/FullCard.test.tsx > FullCard Component > Purchase License Button > does not show purchase button when not purchasable
An empty string ("") was passed to the href attribute. To fix this, either do not render the element at all or pass null to href instead of an empty string.

stderr | src/components/apps/cards/__tests__/FullCard.test.tsx > FullCard Component > About Section > displays app description
An empty string ("") was passed to the href attribute. To fix this, either do not render the element at all or pass null to href instead of an empty string.

stderr | src/components/apps/cards/__tests__/FullCard.test.tsx > FullCard Component > About Section > displays "No description available" when description is missing
An empty string ("") was passed to the href attribute. To fix this, either do not render the element at all or pass null to href instead of an empty string.

stderr | src/components/apps/cards/__tests__/FullCard.test.tsx > FullCard Component > About Section > displays documentation link when available
An empty string ("") was passed to the href attribute. To fix this, either do not render the element at all or pass null to href instead of an empty string.

stderr | src/components/apps/cards/__tests__/FullCard.test.tsx > FullCard Component > About Section > does not display documentation link when not available
An empty string ("") was passed to the href attribute. To fix this, either do not render the element at all or pass null to href instead of an empty string.

stderr | src/components/apps/cards/__tests__/FullCard.test.tsx > FullCard Component > System Requirements Section > displays system requirements
An empty string ("") was passed to the href attribute. To fix this, either do not render the element at all or pass null to href instead of an empty string.

stderr | src/components/apps/cards/__tests__/FullCard.test.tsx > FullCard Component > System Requirements Section > highlights compatible architecture
An empty string ("") was passed to the href attribute. To fix this, either do not render the element at all or pass null to href instead of an empty string.

stderr | src/components/apps/cards/__tests__/FullCard.test.tsx > FullCard Component > System Requirements Section > does not highlight incompatible architecture
An empty string ("") was passed to the href attribute. To fix this, either do not render the element at all or pass null to href instead of an empty string.

stderr | src/components/apps/cards/__tests__/FullCard.test.tsx > FullCard Component > System Requirements Section > does not render system requirements section when none specified
An empty string ("") was passed to the href attribute. To fix this, either do not render the element at all or pass null to href instead of an empty string.

stderr | src/components/apps/cards/__tests__/FullCard.test.tsx > FullCard Component > Edge Cases > handles app with no rating
An empty string ("") was passed to the href attribute. To fix this, either do not render the element at all or pass null to href instead of an empty string.

stderr | src/components/apps/cards/__tests__/FullCard.test.tsx > FullCard Component > Edge Cases > handles app with zero reviews
An empty string ("") was passed to the href attribute. To fix this, either do not render the element at all or pass null to href instead of an empty string.

stderr | src/components/apps/cards/__tests__/FullCard.test.tsx > FullCard Component > Edge Cases > handles app with empty categories array
An empty string ("") was passed to the href attribute. To fix this, either do not render the element at all or pass null to href instead of an empty string.

stderr | src/components/apps/cards/__tests__/FullCard.test.tsx > FullCard Component > Edge Cases > handles app with multiple requirements
An empty string ("") was passed to the href attribute. To fix this, either do not render the element at all or pass null to href instead of an empty string.

 ❯ src/components/apps/cards/__tests__/FullCard.test.tsx (35 tests | 6 failed) 5370ms
   ✓ FullCard Component > Dialog Behavior > renders dialog when open is true  517ms
   ✓ FullCard Component > Dialog Behavior > does not render dialog when open is false 5ms
   ✓ FullCard Component > Dialog Behavior > calls onClose when close button is clicked 227ms
   ✓ FullCard Component > Header Section > renders app title and author 165ms
   ✓ FullCard Component > Header Section > displays "Unknown" for missing author 131ms
   ✓ FullCard Component > Header Section > renders avatar with correct src and padding 157ms
   ✓ FullCard Component > Header Section > displays rating and review count 152ms
   ✓ FullCard Component > Header Section > displays singular "review" for single review 116ms
   ✓ FullCard Component > Header Section > displays categories as chips 122ms
   ✓ FullCard Component > Header Section > handles app without categories 94ms
   × FullCard Component > Status Chips > shows "Installed" chip for installed app without updates 217ms
     → useProtectedApi must be used within ProtectedApiProvider
   ✓ FullCard Component > Status Chips > does not show status chip for available app 123ms
   ✓ FullCard Component > Version Selector > renders version selector when versions are available 127ms
   ✓ FullCard Component > Version Selector > does not render version selector when no versions available 112ms
   × FullCard Component > Action Buttons - Available App > shows install button for available app 149ms
     → [2mexpect([22m[31melement[39m[2m).not.toBeDisabled()[22m

Received element is disabled:
  [31m<button
  class="MuiButtonBase-root MuiButton-root MuiButton-contained MuiButton-containedSuccess MuiButton-sizeMedium MuiButton-containedSizeMedium MuiButton-colorSuccess MuiButton-fullWidth Mui-disabled MuiButton-root MuiButton-contained MuiButton-containedSuccess MuiButton-sizeMedium MuiButton-containedSizeMedium MuiButton-colorSuccess MuiButton-fullWidth css-o6obux-MuiButtonBase-root-MuiButton-root"
  data-testid="install-app-button"
  disabled=""
  tabindex="-1"
  type="button"
/>[39m
   ✓ FullCard Component > Action Buttons - Available App > disables install button for incompatible app 119ms
   ✓ FullCard Component > Action Buttons - Available App > shows incompatibility alert for incompatible app 110ms
   × FullCard Component > Action Buttons - Installed App > shows uninstall button for installed app 139ms
     → useProtectedApi must be used within ProtectedApiProvider
   × FullCard Component > Action Buttons - Installed App > handles uninstall complete callback 130ms
     → useProtectedApi must be used within ProtectedApiProvider
   ✓ FullCard Component > Purchase License Button > shows purchase button for purchasable app with price 148ms
   ✓ FullCard Component > Purchase License Button > does not show purchase button for free app 120ms
   ✓ FullCard Component > Purchase License Button > does not show purchase button when not purchasable 89ms
   ✓ FullCard Component > About Section > displays app description 94ms
   ✓ FullCard Component > About Section > displays "No description available" when description is missing 102ms
   ✓ FullCard Component > About Section > displays documentation link when available 121ms
   ✓ FullCard Component > About Section > does not display documentation link when not available 108ms
   ✓ FullCard Component > System Requirements Section > displays system requirements 265ms
   × FullCard Component > System Requirements Section > highlights compatible architecture 245ms
     → [2mexpect([22m[31melement[39m[2m).toHaveClass([22m[32m[32m"MuiChip-colorSuccess"[32m[39m[2m)[22m

Expected the element to have class:
[32m  MuiChip-colorSuccess[39m
Received:
[31m  MuiChip-root MuiChip-filled MuiChip-sizeSmall MuiChip-colorDefault MuiChip-filledDefault css-1lflu6f-MuiChip-root[39m
   ✓ FullCard Component > System Requirements Section > does not highlight incompatible architecture 84ms
   ✓ FullCard Component > System Requirements Section > does not render system requirements section when none specified 103ms
   ✓ FullCard Component > Edge Cases > handles app with no rating 108ms
   ✓ FullCard Component > Edge Cases > handles app with zero reviews 223ms
   × FullCard Component > Edge Cases > handles installed app without instances 229ms
     → useProtectedApi must be used within ProtectedApiProvider
   ✓ FullCard Component > Edge Cases > handles app with empty categories array 180ms
   ✓ FullCard Component > Edge Cases > handles app with multiple requirements 233ms
 ❯ src/components/buttons/app/__tests__/UninstallButton.test.tsx (8 tests | 8 failed) 174ms
   × UninstallButton > Basic Rendering > renders uninstall button by default 89ms
     → useProtectedApi must be used within ProtectedApiProvider
   × UninstallButton > Basic Rendering > renders icon variant when specified 13ms
     → useProtectedApi must be used within ProtectedApiProvider
   × UninstallButton > Basic Rendering > does not render when version is not installed 5ms
     → useProtectedApi must be used within ProtectedApiProvider
   × UninstallButton > Dialog Functionality > opens confirm dialog when uninstall button is clicked 43ms
     → useProtectedApi must be used within ProtectedApiProvider
   × UninstallButton > Dialog Functionality > closes dialog when No is clicked 6ms
     → useProtectedApi must be used within ProtectedApiProvider
   × UninstallButton > Uninstall Process > successfully uninstalls app when Yes is clicked 6ms
     → useProtectedApi must be used within ProtectedApiProvider
   × UninstallButton > Uninstall Process > handles uninstall failure 5ms
     → useProtectedApi must be used within ProtectedApiProvider
   × UninstallButton > Uninstall Process > handles API error during uninstall 5ms
     → useProtectedApi must be used within ProtectedApiProvider
 ✓ src/api/marketplace/__tests__/MarketplaceAuthService.test.ts (18 tests) 28ms
 ✓ src/components/buttons/app/__tests__/UpdateButton.test.tsx (19 tests) 296ms
 ❯ src/components/apps/installation/__tests__/UpdateApp.test.jsx (5 tests | 5 failed) 180ms
   × UpdateApp Component > renders UpdateApp component 99ms
     → useQuestContext must be used within a QuestProvider
   × UpdateApp Component > successfully updates app 18ms
     → useQuestContext must be used within a QuestProvider
   × UpdateApp Component > handles update failure 8ms
     → useQuestContext must be used within a QuestProvider
   × UpdateApp Component > handles missing installed app gracefully 31ms
     → useQuestContext must be used within a QuestProvider
   × UpdateApp Component > handles downgrade scenario 21ms
     → useQuestContext must be used within a QuestProvider
 ✓ src/components/buttons/app/__tests__/InstallButton.test.tsx (15 tests) 334ms
 ✓ src/api/marketplace/__tests__/ProductService.test.js (3 tests) 78ms
 ❯ src/components/apps/cards/__tests__/Card.test.tsx (19 tests | 4 failed) 1463ms
   ✓ Card Component > Rendering > renders card with basic app information  302ms
   ✓ Card Component > Rendering > renders avatar with correct src 141ms
   ✓ Card Component > Rendering > displays "MORE DETAILS" text 49ms
   ✓ Card Component > Status Chips > shows "Installed" chip for installed app without updates 85ms
   ✓ Card Component > Status Chips > shows "Not Installable" chip for incompatible app 23ms
   × Card Component > Status Chips > does not show status chip for available installable app 55ms
     → [2mexpect([22m[31melement[39m[2m).not.toBeInTheDocument()[22m

[31mexpected document not to contain element, found <span
  class="MuiChip-label MuiChip-labelSmall css-eccknh-MuiChip-label"
>
  Not Installable
</span> instead[39m
   × Card Component > Action Buttons > shows install button for available app 36ms
     → [2mexpect([22m[31melement[39m[2m).not.toBeDisabled()[22m

Received element is disabled:
  [31m<button
  class="MuiButtonBase-root MuiButton-root MuiButton-contained MuiButton-containedSuccess MuiButton-sizeMedium MuiButton-containedSizeMedium MuiButton-colorSuccess MuiButton-fullWidth Mui-disabled MuiButton-root MuiButton-contained MuiButton-containedSuccess MuiButton-sizeMedium MuiButton-containedSizeMedium MuiButton-colorSuccess MuiButton-fullWidth css-o6obux-MuiButtonBase-root-MuiButton-root"
  data-testid="install-app-button"
  disabled=""
  tabindex="-1"
  type="button"
/>[39m
   ✓ Card Component > Action Buttons > disables install button for not installable app 19ms
   ✓ Card Component > Action Buttons > shows editor buttons for installed app with instances 165ms
   ✓ Card Component > Action Buttons > shows update button when update is available 78ms
   ✓ Card Component > User Interactions > opens full card when clicking on card action area 144ms
   ✓ Card Component > User Interactions > closes full card when close button is clicked 137ms
   ✓ Card Component > Edge Cases > handles app with no author 27ms
   ✓ Card Component > Edge Cases > handles app with no versions 21ms
   ✓ Card Component > Edge Cases > handles app with no instances 32ms
   ✓ Card Component > Edge Cases > handles app with empty instances array 31ms
   × Card Component > System Compatibility > marks app as installable when requirement matches system arch 41ms
     → [2mexpect([22m[31melement[39m[2m).not.toBeDisabled()[22m

Received element is disabled:
  [31m<button
  class="MuiButtonBase-root MuiButton-root MuiButton-contained MuiButton-containedSuccess MuiButton-sizeMedium MuiButton-containedSizeMedium MuiButton-colorSuccess MuiButton-fullWidth Mui-disabled MuiButton-root MuiButton-contained MuiButton-containedSuccess MuiButton-sizeMedium MuiButton-containedSizeMedium MuiButton-colorSuccess MuiButton-fullWidth css-o6obux-MuiButtonBase-root-MuiButton-root"
  data-testid="install-app-button"
  disabled=""
  tabindex="-1"
  type="button"
/>[39m
   ✓ Card Component > System Compatibility > marks app as not installable when requirement does not match system arch 30ms
   × Card Component > System Compatibility > handles app with multiple compatible architectures 35ms
     → [2mexpect([22m[31melement[39m[2m).not.toBeDisabled()[22m

Received element is disabled:
  [31m<button
  class="MuiButtonBase-root MuiButton-root MuiButton-contained MuiButton-containedSuccess MuiButton-sizeMedium MuiButton-containedSizeMedium MuiButton-colorSuccess MuiButton-fullWidth Mui-disabled MuiButton-root MuiButton-contained MuiButton-containedSuccess MuiButton-sizeMedium MuiButton-containedSizeMedium MuiButton-colorSuccess MuiButton-fullWidth css-o6obux-MuiButtonBase-root-MuiButton-root"
  data-testid="install-app-button"
  disabled=""
  tabindex="-1"
  type="button"
/>[39m
 ❯ src/components/dialogs/tabs/__tests__/EditorConfigTab.test.tsx (8 tests | 8 failed) 125ms
   × EditorConfigTab > renders loading spinner while fetching editors 50ms
     → useProtectedApi must be used within ProtectedApiProvider
   × EditorConfigTab > renders editors when data is fetched 18ms
     → useProtectedApi must be used within ProtectedApiProvider
   × EditorConfigTab > changing path prefix updates url 5ms
     → useProtectedApi must be used within ProtectedApiProvider
   × EditorConfigTab > no path prefix disables delete 5ms
     → useProtectedApi must be used within ProtectedApiProvider
   × EditorConfigTab > path prefix enables delete 6ms
     → useProtectedApi must be used within ProtectedApiProvider
   × EditorConfigTab > delete path prefix 15ms
     → useProtectedApi must be used within ProtectedApiProvider
   × EditorConfigTab > changing path prefix enables save 4ms
     → useProtectedApi must be used within ProtectedApiProvider
   × EditorConfigTab > save path prefix 9ms
     → useProtectedApi must be used within ProtectedApiProvider
 ❯ src/components/apps/installation/__tests__/SideloadApp.test.jsx (5 tests | 5 failed) 184ms
   × SideloadApp Component > renders SideloadApp component 97ms
     → useProtectedApi must be used within ProtectedApiProvider
   × SideloadApp Component > successfully sideloads app 25ms
     → useProtectedApi must be used within ProtectedApiProvider
   × SideloadApp Component > handles sideload failure 8ms
     → useProtectedApi must be used within ProtectedApiProvider
   × SideloadApp Component > handles missing manifest gracefully 18ms
     → useProtectedApi must be used within ProtectedApiProvider
   × SideloadApp Component > shows quest progress during sideloading 35ms
     → useProtectedApi must be used within ProtectedApiProvider
stderr | src/components/auth/__tests__/AuthGuard.test.tsx > AuthGuard > renders loading state when authentication is loading
React does not recognize the `textAlign` prop on a DOM element. If you intentionally want it to appear in the DOM as a custom attribute, spell it as lowercase `textalign` instead. If you accidentally passed it from a parent component, remove it from the DOM element.
React does not recognize the `justifyContent` prop on a DOM element. If you intentionally want it to appear in the DOM as a custom attribute, spell it as lowercase `justifycontent` instead. If you accidentally passed it from a parent component, remove it from the DOM element.
React does not recognize the `alignItems` prop on a DOM element. If you intentionally want it to appear in the DOM as a custom attribute, spell it as lowercase `alignitems` instead. If you accidentally passed it from a parent component, remove it from the DOM element.
React does not recognize the `minHeight` prop on a DOM element. If you intentionally want it to appear in the DOM as a custom attribute, spell it as lowercase `minheight` instead. If you accidentally passed it from a parent component, remove it from the DOM element.

 ✓ src/components/auth/__tests__/AuthGuard.test.tsx (11 tests) 158ms
 ❯ src/components/apps/installation/__tests__/InstallApp.test.jsx (5 tests | 5 failed) 148ms
   × InstallApp Component > renders InstallApp component 61ms
     → useQuestContext must be used within a QuestProvider
   × InstallApp Component > successfully installs app 11ms
     → useQuestContext must be used within a QuestProvider
   × InstallApp Component > handles installation failure 13ms
     → useQuestContext must be used within a QuestProvider
   × InstallApp Component > handles missing app gracefully 48ms
     → useQuestContext must be used within a QuestProvider
   × InstallApp Component > shows quest progress during installation 6ms
     → useQuestContext must be used within a QuestProvider
 ❯ src/components/onboarding/components/__tests__/OnboardingDialog.test.tsx (12 tests | 12 failed) 58ms
   × OnboardingDialog > renders the dialog when open is true 28ms
     → usePublicApi must be used within PublicApiProvider
   × OnboardingDialog > does not render the dialog when open is false 3ms
     → usePublicApi must be used within PublicApiProvider
   × OnboardingDialog > displays welcome title 3ms
     → usePublicApi must be used within PublicApiProvider
   × OnboardingDialog > renders MultiStepWizard with correct title when dialog is open 3ms
     → usePublicApi must be used within PublicApiProvider
   × OnboardingDialog > does not render MultiStepWizard when dialog is closed 4ms
     → usePublicApi must be used within PublicApiProvider
   × OnboardingDialog > renders close button that is disabled when wizard is not completed 2ms
     → usePublicApi must be used within PublicApiProvider
   × OnboardingDialog > renders close button 2ms
     → usePublicApi must be used within PublicApiProvider
   × OnboardingDialog > works without onClose prop 2ms
     → usePublicApi must be used within PublicApiProvider
   × OnboardingDialog > sets dialog properties correctly 3ms
     → usePublicApi must be used within PublicApiProvider
   × OnboardingDialog > renders dialog content with proper structure 2ms
     → usePublicApi must be used within PublicApiProvider
   × OnboardingDialog > close button state depends on wizard completion 2ms
     → usePublicApi must be used within PublicApiProvider
   × OnboardingDialog > provides API context to wizard through OnboardingProvider 2ms
     → usePublicApi must be used within PublicApiProvider
 ❯ src/components/dialogs/tabs/__tests__/PortsConfigTab.test.tsx (7 tests | 7 failed) 70ms
   × PortsConfigTab > renders loading spinner while fetching ports 32ms
     → useProtectedApi must be used within ProtectedApiProvider
   × PortsConfigTab > renders "No ports configured" when no ports are returned 5ms
     → useProtectedApi must be used within ProtectedApiProvider
   × PortsConfigTab > renders ports when data is fetched 5ms
     → useProtectedApi must be used within ProtectedApiProvider
   × PortsConfigTab > handles adding a single port mapping 4ms
     → useProtectedApi must be used within ProtectedApiProvider
   × PortsConfigTab > handles saving ports 6ms
     → useProtectedApi must be used within ProtectedApiProvider
   × PortsConfigTab > handles deleting a port 11ms
     → useProtectedApi must be used within ProtectedApiProvider
   × PortsConfigTab > handles adding a port range mapping 4ms
     → useProtectedApi must be used within ProtectedApiProvider
 ❯ src/components/dialogs/tabs/__tests__/EnvironmentConfigTab.test.tsx (7 tests | 7 failed) 57ms
   × EnvironmentConfigTab > renders loading spinner while fetching environment variables 29ms
     → useProtectedApi must be used within ProtectedApiProvider
   × EnvironmentConfigTab > renders environment variables when data is fetched 5ms
     → useProtectedApi must be used within ProtectedApiProvider
   × EnvironmentConfigTab > adds a new environment variable 4ms
     → useProtectedApi must be used within ProtectedApiProvider
   × EnvironmentConfigTab > deletes an environment variable 4ms
     → useProtectedApi must be used within ProtectedApiProvider
   × EnvironmentConfigTab > saves environment variables 5ms
     → useProtectedApi must be used within ProtectedApiProvider
   × EnvironmentConfigTab > shows a success snackbar when saving succeeds 4ms
     → useProtectedApi must be used within ProtectedApiProvider
   × EnvironmentConfigTab > shows an error snackbar when saving fails 4ms
     → useProtectedApi must be used within ProtectedApiProvider
 ❯ src/components/__tests__/InstalledAppsListRow.test.jsx (6 tests | 6 failed) 58ms
   × Test Installed Apps List row > renders installed apps list row component 31ms
     → useProtectedApi must be used within ProtectedApiProvider
   × Test Installed Apps List row > create new instance 6ms
     → useProtectedApi must be used within ProtectedApiProvider
   × Test Installed Apps List row > test delete app 5ms
     → useProtectedApi must be used within ProtectedApiProvider
   × Test Installed Apps List row > test app with documentation url 5ms
     → useProtectedApi must be used within ProtectedApiProvider
   × Test Installed Apps List row > test app without documentation url 5ms
     → useProtectedApi must be used within ProtectedApiProvider
   × Test Installed Apps List row > renders an app with an editor 4ms
     → useProtectedApi must be used within ProtectedApiProvider
 ✓ src/components/quests/__tests__/SubQuestProgressIndicator.test.tsx (4 tests) 152ms
 ✓ src/components/__tests__/MarketplaceList.test.jsx (5 tests) 493ms
 ❯ src/components/__tests__/AppInstanceRow.test.jsx (9 tests | 9 failed) 77ms
   × AppInstanceRow Component > renders component with app instance details 31ms
     → useQuestContext must be used within a QuestProvider
   × AppInstanceRow Component > shows start button and calls startInstance function when clicked 6ms
     → useQuestContext must be used within a QuestProvider
   × AppInstanceRow Component > shows stop button and calls stopInstance function when clicked 5ms
     → useQuestContext must be used within a QuestProvider
   × AppInstanceRow Component > disables start button if instance is running 5ms
     → useQuestContext must be used within a QuestProvider
   × AppInstanceRow Component > shows delete confirmation dialog when delete button is clicked 5ms
     → useQuestContext must be used within a QuestProvider
   × AppInstanceRow Component > calls deleteInstance function after confirmation 12ms
     → useQuestContext must be used within a QuestProvider
   × AppInstanceRow Component > opens info dialog when info button is clicked 4ms
     → useQuestContext must be used within a QuestProvider
   × AppInstanceRow Component > opens settings dialog when settings button is clicked 4ms
     → useQuestContext must be used within a QuestProvider
   × AppInstanceRow Component > displays snackbar with success message on successful instance start 5ms
     → useQuestContext must be used within a QuestProvider
 ❯ src/components/onboarding/__tests__/OnboardingStepper.test.tsx (5 tests | 5 failed) 46ms
   × OnboardingStepper > renders the onboarding stepper with welcome message 29ms
     → usePublicApi must be used within PublicApiProvider
   × OnboardingStepper > shows setup progress 4ms
     → usePublicApi must be used within PublicApiProvider
   × OnboardingStepper > renders setup steps 3ms
     → usePublicApi must be used within PublicApiProvider
   × OnboardingStepper > does not render when onboarding is completed 3ms
     → usePublicApi must be used within PublicApiProvider
   × OnboardingStepper > handles API errors gracefully 4ms
     → usePublicApi must be used within PublicApiProvider
 ❯ src/components/dialogs/tabs/__tests__/NetworkConfigTab.test.tsx (3 tests | 3 failed) 41ms
   × NetworkConfigTab > renders loading spinner while fetching data 29ms
     → useProtectedApi must be used within ProtectedApiProvider
   × NetworkConfigTab > renders the list of networks after fetching data 5ms
     → useProtectedApi must be used within ProtectedApiProvider
   × NetworkConfigTab > handles network activation change 5ms
     → useProtectedApi must be used within ProtectedApiProvider
stderr | src/components/__tests__/ActionSnackbar.test.jsx > ActionSnackbar > Snackbar close
`ReactDOMTestUtils.act` is deprecated in favor of `React.act`. Import `act` from `react` instead of `react-dom/test-utils`. See https://react.dev/warnings/react-dom-test-utils for more info.

 ✓ src/components/__tests__/ActionSnackbar.test.jsx (6 tests) 239ms
 ❯ src/components/__tests__/Import.test.tsx (5 tests | 5 failed) 52ms
   × Import component > renders Import component 28ms
     → useProtectedApi must be used within ProtectedApiProvider
   × Import component > handles JSON file upload and shows success snackbar 6ms
     → useProtectedApi must be used within ProtectedApiProvider
   × Import component > handles tar.gz file upload and shows success snackbar 5ms
     → useProtectedApi must be used within ProtectedApiProvider
   × Import component > handles unsupported file type upload 5ms
     → useProtectedApi must be used within ProtectedApiProvider
   × Import component > shows error snackbar on API failure 6ms
     → useProtectedApi must be used within ProtectedApiProvider
 ✓ src/components/quests/__tests__/QuestLogEntryBody.test.tsx (5 tests) 70ms
 ✓ src/components/text/__tests__/MarqueeText.test.tsx (11 tests) 128ms
 ✓ src/components/onboarding/steps/__tests__/CompletionStep.test.tsx (9 tests) 84ms
 ✓ src/components/buttons/instance/__tests__/InstanceStartCreateButtons.test.tsx (8 tests) 599ms
 ✓ src/utils/quests/__tests__/QuestState.test.tsx (13 tests) 9ms
 ✓ src/components/buttons/editors/__tests__/EditorButtons.test.tsx (5 tests) 140ms
 ✓ src/utils/quests/__tests__/Quest.test.tsx (7 tests) 8ms
 ❯ src/components/dialogs/tabs/__tests__/UsbConfigTab.test.tsx (3 tests | 3 failed) 40ms
   × UsbConfigTab > renders loading spinner while fetching data 29ms
     → useProtectedApi must be used within ProtectedApiProvider
   × UsbConfigTab > renders the list of USB devices after fetching data 5ms
     → useProtectedApi must be used within ProtectedApiProvider
   × UsbConfigTab > handles USB device toggle 5ms
     → useProtectedApi must be used within ProtectedApiProvider
 ❯ src/components/lists/flecsports/__tests__/ExportList.test.tsx (6 tests | 6 failed) 60ms
   × <ExportList /> > renders loading spinner initially 30ms
     → useProtectedApi must be used within ProtectedApiProvider
   × <ExportList /> > renders error message when fetch fails 6ms
     → useProtectedApi must be used within ProtectedApiProvider
   × <ExportList /> > renders empty state when no exports 5ms
     → useProtectedApi must be used within ProtectedApiProvider
   × <ExportList /> > renders exports table when data is available 5ms
     → useProtectedApi must be used within ProtectedApiProvider
   × <ExportList /> > handles download action 7ms
     → useProtectedApi must be used within ProtectedApiProvider
   × <ExportList /> > handles delete action 4ms
     → useProtectedApi must be used within ProtectedApiProvider
 ✓ src/components/autocomplete/__tests__/VersionSelector.test.tsx (6 tests) 395ms
 ✓ src/components/quests/__tests__/QuestProgressIndicator.test.tsx (2 tests) 114ms
 ✓ src/components/quests/__tests__/QuestIcon.test.tsx (5 tests) 36ms
Cancelling test run. Press CTRL+c again to exit forcefully.

 ❯ src/components/onboarding/steps/__tests__/AuthProviderStep.test.tsx (3 tests | 3 failed) 45ms
   × AuthProviderStep > shows loading state initially 32ms
     → usePublicApi must be used within PublicApiProvider
   × AuthProviderStep > shows error if error prop is provided 6ms
     → usePublicApi must be used within PublicApiProvider
   × AuthProviderStep > calls onPrevious when Previous is clicked in error state 5ms
     → usePublicApi must be used within PublicApiProvider
 ↓ src/components/dialogs/__tests__/InstanceConfigDialog.test.tsx (3 tests)

⎯⎯⎯⎯⎯⎯ Failed Suites 14 ⎯⎯⎯⎯⎯⎯

 FAIL  src/components/__tests__/AppBar.test.jsx [ src/components/__tests__/AppBar.test.jsx ]
Error: Failed to resolve import "../quests/QuestContext" from "src/components/__tests__/AppBar.test.jsx". Does the file exist?
  Plugin: vite:import-analysis
  File: /home/sam/dev/flecs/flecs-webapp/src/components/__tests__/AppBar.test.jsx:25:0
  17 |  const __vi_import_5__ = await import("../AppBar");
  18 |  const __vi_import_6__ = await import("../../styles/ThemeHandler");
  19 |  const __vi_import_7__ = await import("../quests/QuestContext");
     |                                       ^
  20 |  const __vi_import_8__ = await import("../../__mocks__/core-client-ts");
  21 |  const __vi_import_9__ = await import("../../test/oauth-test-utils");
 ❯ TransformPluginContext._formatLog node_modules/vite/dist/node/chunks/dep-D4NMHUTW.js:42528:41
 ❯ TransformPluginContext.error node_modules/vite/dist/node/chunks/dep-D4NMHUTW.js:42525:16
 ❯ normalizeUrl node_modules/vite/dist/node/chunks/dep-D4NMHUTW.js:40504:23
 ❯ node_modules/vite/dist/node/chunks/dep-D4NMHUTW.js:40623:37
 ❯ TransformPluginContext.transform node_modules/vite/dist/node/chunks/dep-D4NMHUTW.js:40550:7
 ❯ EnvironmentPluginContainer.transform node_modules/vite/dist/node/chunks/dep-D4NMHUTW.js:42323:18
 ❯ loadAndTransform node_modules/vite/dist/node/chunks/dep-D4NMHUTW.js:35739:27

⎯⎯⎯⎯⎯⎯⎯⎯⎯⎯⎯⎯⎯⎯⎯⎯⎯⎯⎯⎯⎯⎯[1/148]⎯

 FAIL  src/components/__tests__/Frame.test.jsx [ src/components/__tests__/Frame.test.jsx ]
Error: Failed to resolve import "../quests/QuestContext" from "src/components/__tests__/Frame.test.jsx". Does the file exist?
  Plugin: vite:import-analysis
  File: /home/sam/dev/flecs/flecs-webapp/src/components/__tests__/Frame.test.jsx:25:0
  16 |  const __vi_import_4__ = await import("../Frame");
  17 |  const __vi_import_5__ = await import("../../styles/ThemeHandler");
  18 |  const __vi_import_6__ = await import("../quests/QuestContext");
     |                                       ^
  19 |  const __vi_import_7__ = await import("../../__mocks__/core-client-ts");
  20 |  const __vi_import_8__ = await import("../../test/oauth-test-utils");
 ❯ TransformPluginContext._formatLog node_modules/vite/dist/node/chunks/dep-D4NMHUTW.js:42528:41
 ❯ TransformPluginContext.error node_modules/vite/dist/node/chunks/dep-D4NMHUTW.js:42525:16
 ❯ normalizeUrl node_modules/vite/dist/node/chunks/dep-D4NMHUTW.js:40504:23
 ❯ node_modules/vite/dist/node/chunks/dep-D4NMHUTW.js:40623:37
 ❯ TransformPluginContext.transform node_modules/vite/dist/node/chunks/dep-D4NMHUTW.js:40550:7
 ❯ EnvironmentPluginContainer.transform node_modules/vite/dist/node/chunks/dep-D4NMHUTW.js:42323:18
 ❯ loadAndTransform node_modules/vite/dist/node/chunks/dep-D4NMHUTW.js:35739:27

⎯⎯⎯⎯⎯⎯⎯⎯⎯⎯⎯⎯⎯⎯⎯⎯⎯⎯⎯⎯⎯⎯[2/148]⎯

 FAIL  src/pages/__tests__/DeviceLogin.test.tsx [ src/pages/__tests__/DeviceLogin.test.tsx ]
Error: Failed to resolve import "@contexts/__mocks__/OAuth4WebApiAuthProvider" from "src/test/oauth-test-utils.tsx". Does the file exist?
  Plugin: vite:import-analysis
  File: /home/sam/dev/flecs/flecs-webapp/src/test/oauth-test-utils.tsx:32:7
  5  |    mockOAuth4WebApiAuth,
  6  |    mockScenarios
  7  |  } from "@contexts/__mocks__/OAuth4WebApiAuthProvider";
     |          ^
  8  |  export const renderWithOAuthProvider = (ui, options) => {
  9  |    const Wrapper = ({ children }) => /* @__PURE__ */ jsxDEV(OAuth4WebApiAuthProvider, { children }, void 0, false, {
 ❯ TransformPluginContext._formatLog node_modules/vite/dist/node/chunks/dep-D4NMHUTW.js:42528:41
 ❯ TransformPluginContext.error node_modules/vite/dist/node/chunks/dep-D4NMHUTW.js:42525:16
 ❯ normalizeUrl node_modules/vite/dist/node/chunks/dep-D4NMHUTW.js:40504:23
 ❯ node_modules/vite/dist/node/chunks/dep-D4NMHUTW.js:40623:37
 ❯ TransformPluginContext.transform node_modules/vite/dist/node/chunks/dep-D4NMHUTW.js:40550:7
 ❯ EnvironmentPluginContainer.transform node_modules/vite/dist/node/chunks/dep-D4NMHUTW.js:42323:18
 ❯ loadAndTransform node_modules/vite/dist/node/chunks/dep-D4NMHUTW.js:35739:27

⎯⎯⎯⎯⎯⎯⎯⎯⎯⎯⎯⎯⎯⎯⎯⎯⎯⎯⎯⎯⎯⎯[3/148]⎯

 FAIL  src/pages/__tests__/Profile.test.tsx [ src/pages/__tests__/Profile.test.tsx ]
Error: Failed to resolve import "@contexts/__mocks__/OAuth4WebApiAuthProvider" from "src/test/oauth-test-utils.tsx". Does the file exist?
  Plugin: vite:import-analysis
  File: /home/sam/dev/flecs/flecs-webapp/src/test/oauth-test-utils.tsx:32:7
  5  |    mockOAuth4WebApiAuth,
  6  |    mockScenarios
  7  |  } from "@contexts/__mocks__/OAuth4WebApiAuthProvider";
     |          ^
  8  |  export const renderWithOAuthProvider = (ui, options) => {
  9  |    const Wrapper = ({ children }) => /* @__PURE__ */ jsxDEV(OAuth4WebApiAuthProvider, { children }, void 0, false, {
 ❯ TransformPluginContext._formatLog node_modules/vite/dist/node/chunks/dep-D4NMHUTW.js:42528:41
 ❯ TransformPluginContext.error node_modules/vite/dist/node/chunks/dep-D4NMHUTW.js:42525:16
 ❯ normalizeUrl node_modules/vite/dist/node/chunks/dep-D4NMHUTW.js:40504:23
 ❯ node_modules/vite/dist/node/chunks/dep-D4NMHUTW.js:40623:37
 ❯ TransformPluginContext.transform node_modules/vite/dist/node/chunks/dep-D4NMHUTW.js:40550:7
 ❯ EnvironmentPluginContainer.transform node_modules/vite/dist/node/chunks/dep-D4NMHUTW.js:42323:18
 ❯ loadAndTransform node_modules/vite/dist/node/chunks/dep-D4NMHUTW.js:35739:27

⎯⎯⎯⎯⎯⎯⎯⎯⎯⎯⎯⎯⎯⎯⎯⎯⎯⎯⎯⎯⎯⎯[4/148]⎯

 FAIL  src/components/quests/__tests__/QuestContext.test.tsx [ src/components/quests/__tests__/QuestContext.test.tsx ]
Error: Failed to resolve import "../QuestContext" from "src/components/quests/__tests__/QuestContext.test.tsx". Does the file exist?
  Plugin: vite:import-analysis
  File: /home/sam/dev/flecs/flecs-webapp/src/components/quests/__tests__/QuestContext.test.tsx:21:0
  4  |  const __vi_import_0__ = await import("react/jsx-dev-runtime");
  5  |  const __vi_import_1__ = await import("@testing-library/react");
  6  |  const __vi_import_2__ = await import("../QuestContext");
     |                                       ^
  7  |  const __vi_import_3__ = await import("../../../__mocks__/core-client-ts");
  8  |  const __vi_import_4__ = await import("@flecs/core-client-ts");
 ❯ TransformPluginContext._formatLog node_modules/vite/dist/node/chunks/dep-D4NMHUTW.js:42528:41
 ❯ TransformPluginContext.error node_modules/vite/dist/node/chunks/dep-D4NMHUTW.js:42525:16
 ❯ normalizeUrl node_modules/vite/dist/node/chunks/dep-D4NMHUTW.js:40504:23
 ❯ node_modules/vite/dist/node/chunks/dep-D4NMHUTW.js:40623:37
 ❯ TransformPluginContext.transform node_modules/vite/dist/node/chunks/dep-D4NMHUTW.js:40550:7
 ❯ EnvironmentPluginContainer.transform node_modules/vite/dist/node/chunks/dep-D4NMHUTW.js:42323:18
 ❯ loadAndTransform node_modules/vite/dist/node/chunks/dep-D4NMHUTW.js:35739:27

⎯⎯⎯⎯⎯⎯⎯⎯⎯⎯⎯⎯⎯⎯⎯⎯⎯⎯⎯⎯⎯⎯[5/148]⎯

 FAIL  src/components/quests/__tests__/QuestLog.test.tsx [ src/components/quests/__tests__/QuestLog.test.tsx ]
Error: Failed to resolve import "../QuestContext" from "src/components/quests/__tests__/QuestLog.test.tsx". Does the file exist?
  Plugin: vite:import-analysis
  File: /home/sam/dev/flecs/flecs-webapp/src/components/quests/__tests__/QuestLog.test.tsx:22:0
  10 |  const __vi_import_1__ = await import("@testing-library/react");
  11 |  const __vi_import_2__ = await import("../QuestLog");
  12 |  const __vi_import_3__ = await import("../QuestContext");
     |                                       ^
  13 |  const __vi_import_4__ = await import("@flecs/core-client-ts");
  14 |  
 ❯ TransformPluginContext._formatLog node_modules/vite/dist/node/chunks/dep-D4NMHUTW.js:42528:41
 ❯ TransformPluginContext.error node_modules/vite/dist/node/chunks/dep-D4NMHUTW.js:42525:16
 ❯ normalizeUrl node_modules/vite/dist/node/chunks/dep-D4NMHUTW.js:40504:23
 ❯ node_modules/vite/dist/node/chunks/dep-D4NMHUTW.js:40623:37
 ❯ TransformPluginContext.transform node_modules/vite/dist/node/chunks/dep-D4NMHUTW.js:40550:7
 ❯ EnvironmentPluginContainer.transform node_modules/vite/dist/node/chunks/dep-D4NMHUTW.js:42323:18
 ❯ loadAndTransform node_modules/vite/dist/node/chunks/dep-D4NMHUTW.js:35739:27

⎯⎯⎯⎯⎯⎯⎯⎯⎯⎯⎯⎯⎯⎯⎯⎯⎯⎯⎯⎯⎯⎯[6/148]⎯

 FAIL  src/components/quests/__tests__/QuestLogEntry.test.tsx [ src/components/quests/__tests__/QuestLogEntry.test.tsx ]
Error: Failed to resolve import "../QuestContext" from "src/components/quests/__tests__/QuestLogEntry.test.tsx". Does the file exist?
  Plugin: vite:import-analysis
  File: /home/sam/dev/flecs/flecs-webapp/src/components/quests/__tests__/QuestLogEntry.test.tsx:24:0
  20 |  const __vi_import_3__ = await import("@flecs/core-client-ts");
  21 |  const __vi_import_4__ = await import("../../../utils/quests/QuestState");
  22 |  const __vi_import_5__ = await import("../QuestContext");
     |                                       ^
  23 |  
  24 |  import { describe, it, expect, vi, beforeEach, afterEach } from "vitest";
 ❯ TransformPluginContext._formatLog node_modules/vite/dist/node/chunks/dep-D4NMHUTW.js:42528:41
 ❯ TransformPluginContext.error node_modules/vite/dist/node/chunks/dep-D4NMHUTW.js:42525:16
 ❯ normalizeUrl node_modules/vite/dist/node/chunks/dep-D4NMHUTW.js:40504:23
 ❯ node_modules/vite/dist/node/chunks/dep-D4NMHUTW.js:40623:37
 ❯ TransformPluginContext.transform node_modules/vite/dist/node/chunks/dep-D4NMHUTW.js:40550:7
 ❯ EnvironmentPluginContainer.transform node_modules/vite/dist/node/chunks/dep-D4NMHUTW.js:42323:18
 ❯ loadAndTransform node_modules/vite/dist/node/chunks/dep-D4NMHUTW.js:35739:27

⎯⎯⎯⎯⎯⎯⎯⎯⎯⎯⎯⎯⎯⎯⎯⎯⎯⎯⎯⎯⎯⎯[7/148]⎯

 FAIL  src/contexts/api/__tests__/ApiProvider.test.tsx [ src/contexts/api/__tests__/ApiProvider.test.tsx ]
Error: Failed to resolve import "../__mocks__/OAuth4WebApiAuthProvider" from "src/contexts/api/__tests__/ApiProvider.test.tsx". Does the file exist?
  Plugin: vite:import-analysis
  File: /home/sam/dev/flecs/flecs-webapp/src/contexts/api/__tests__/ApiProvider.test.tsx:47:0
  11 |  const __vi_import_3__ = await import("@flecs/core-client-ts");
  12 |  const __vi_import_4__ = await import("../ApiProvider");
  13 |  const __vi_import_5__ = await import("../__mocks__/OAuth4WebApiAuthProvider");
     |                                       ^
  14 |  
  15 |  
 ❯ TransformPluginContext._formatLog node_modules/vite/dist/node/chunks/dep-D4NMHUTW.js:42528:41
 ❯ TransformPluginContext.error node_modules/vite/dist/node/chunks/dep-D4NMHUTW.js:42525:16
 ❯ normalizeUrl node_modules/vite/dist/node/chunks/dep-D4NMHUTW.js:40504:23
 ❯ node_modules/vite/dist/node/chunks/dep-D4NMHUTW.js:40623:37
 ❯ TransformPluginContext.transform node_modules/vite/dist/node/chunks/dep-D4NMHUTW.js:40550:7
 ❯ EnvironmentPluginContainer.transform node_modules/vite/dist/node/chunks/dep-D4NMHUTW.js:42323:18
 ❯ loadAndTransform node_modules/vite/dist/node/chunks/dep-D4NMHUTW.js:35739:27

⎯⎯⎯⎯⎯⎯⎯⎯⎯⎯⎯⎯⎯⎯⎯⎯⎯⎯⎯⎯⎯⎯[8/148]⎯

 FAIL  src/contexts/api/__tests__/AuthProviderApiProvider.test.tsx [ src/contexts/api/__tests__/AuthProviderApiProvider.test.tsx ]
Error: Failed to resolve import "../../onboarding/utils/onboardingHelpers" from "src/contexts/api/__tests__/AuthProviderApiProvider.test.tsx". Does the file exist?
  Plugin: vite:import-analysis
  File: /home/sam/dev/flecs/flecs-webapp/src/contexts/api/__tests__/AuthProviderApiProvider.test.tsx:49:0
  18 |  const __vi_import_3__ = await import("@flecs/auth-provider-client-ts");
  19 |  const __vi_import_4__ = await import("../ApiProvider");
  20 |  const __vi_import_5__ = await import("../../onboarding/utils/onboardingHelpers");
     |                                       ^
  21 |  const __vi_import_6__ = await import("../AuthProviderApiProvider");
  22 |  
 ❯ TransformPluginContext._formatLog node_modules/vite/dist/node/chunks/dep-D4NMHUTW.js:42528:41
 ❯ TransformPluginContext.error node_modules/vite/dist/node/chunks/dep-D4NMHUTW.js:42525:16
 ❯ normalizeUrl node_modules/vite/dist/node/chunks/dep-D4NMHUTW.js:40504:23
 ❯ node_modules/vite/dist/node/chunks/dep-D4NMHUTW.js:40623:37
 ❯ TransformPluginContext.transform node_modules/vite/dist/node/chunks/dep-D4NMHUTW.js:40550:7
 ❯ EnvironmentPluginContainer.transform node_modules/vite/dist/node/chunks/dep-D4NMHUTW.js:42323:18
 ❯ loadAndTransform node_modules/vite/dist/node/chunks/dep-D4NMHUTW.js:35739:27

⎯⎯⎯⎯⎯⎯⎯⎯⎯⎯⎯⎯⎯⎯⎯⎯⎯⎯⎯⎯⎯⎯[9/148]⎯

 FAIL  src/contexts/device/__tests__/DeviceActivationProvider.test.tsx [ src/contexts/device/__tests__/DeviceActivationProvider.test.tsx ]
Error: Failed to resolve import "../ApiProvider" from "src/contexts/device/__tests__/DeviceActivationProvider.test.tsx". Does the file exist?
  Plugin: vite:import-analysis
  File: /home/sam/dev/flecs/flecs-webapp/src/contexts/device/__tests__/DeviceActivationProvider.test.tsx:29:0
  5  |  const __vi_import_1__ = await import("react");
  6  |  const __vi_import_2__ = await import("@testing-library/react");
  7  |  const __vi_import_3__ = await import("../ApiProvider");
     |                                       ^
  8  |  const __vi_import_4__ = await import("../DeviceActivationProvider");
  9  |  const __vi_import_5__ = await import("../DeviceActivationContext");
 ❯ TransformPluginContext._formatLog node_modules/vite/dist/node/chunks/dep-D4NMHUTW.js:42528:41
 ❯ TransformPluginContext.error node_modules/vite/dist/node/chunks/dep-D4NMHUTW.js:42525:16
 ❯ normalizeUrl node_modules/vite/dist/node/chunks/dep-D4NMHUTW.js:40504:23
 ❯ node_modules/vite/dist/node/chunks/dep-D4NMHUTW.js:40623:37
 ❯ TransformPluginContext.transform node_modules/vite/dist/node/chunks/dep-D4NMHUTW.js:40550:7
 ❯ EnvironmentPluginContainer.transform node_modules/vite/dist/node/chunks/dep-D4NMHUTW.js:42323:18
 ❯ loadAndTransform node_modules/vite/dist/node/chunks/dep-D4NMHUTW.js:35739:27

⎯⎯⎯⎯⎯⎯⎯⎯⎯⎯⎯⎯⎯⎯⎯⎯⎯⎯⎯⎯⎯[10/148]⎯

 FAIL  src/components/apps/installation/__tests__/DeviceActivationStep.test.tsx [ src/components/apps/installation/__tests__/DeviceActivationStep.test.tsx ]
Error: Failed to resolve import "../../../providers/DeviceActivationContext" from "src/components/apps/installation/__tests__/DeviceActivationStep.test.tsx". Does the file exist?
  Plugin: vite:import-analysis
  File: /home/sam/dev/flecs/flecs-webapp/src/components/apps/installation/__tests__/DeviceActivationStep.test.tsx:22:0
  5  |  const __vi_import_1__ = await import("@testing-library/react");
  6  |  const __vi_import_2__ = await import("../DeviceActivationStep");
  7  |  const __vi_import_3__ = await import("../../../providers/DeviceActivationContext");
     |                                       ^
  8  |  const __vi_import_4__ = await import("../../../providers/MarketplaceUserProvider");
  9  |  const __vi_import_5__ = await import("../../../../__mocks__/core-client-ts");
 ❯ TransformPluginContext._formatLog node_modules/vite/dist/node/chunks/dep-D4NMHUTW.js:42528:41
 ❯ TransformPluginContext.error node_modules/vite/dist/node/chunks/dep-D4NMHUTW.js:42525:16
 ❯ normalizeUrl node_modules/vite/dist/node/chunks/dep-D4NMHUTW.js:40504:23
 ❯ node_modules/vite/dist/node/chunks/dep-D4NMHUTW.js:40623:37
 ❯ TransformPluginContext.transform node_modules/vite/dist/node/chunks/dep-D4NMHUTW.js:40550:7
 ❯ EnvironmentPluginContainer.transform node_modules/vite/dist/node/chunks/dep-D4NMHUTW.js:42323:18
 ❯ loadAndTransform node_modules/vite/dist/node/chunks/dep-D4NMHUTW.js:35739:27

⎯⎯⎯⎯⎯⎯⎯⎯⎯⎯⎯⎯⎯⎯⎯⎯⎯⎯⎯⎯⎯[11/148]⎯

 FAIL  src/components/apps/installation/__tests__/InstallationStepper.test.tsx [ src/components/apps/installation/__tests__/InstallationStepper.test.tsx ]
Error: Failed to resolve import "../../../providers/DeviceActivationContext" from "src/components/apps/installation/__tests__/InstallationStepper.test.tsx". Does the file exist?
  Plugin: vite:import-analysis
  File: /home/sam/dev/flecs/flecs-webapp/src/components/apps/installation/__tests__/InstallationStepper.test.tsx:23:0
  10 |  const __vi_import_2__ = await import("@flecs/core-client-ts");
  11 |  const __vi_import_3__ = await import("../InstallationStepper");
  12 |  const __vi_import_4__ = await import("../../../providers/DeviceActivationContext");
     |                                       ^
  13 |  const __vi_import_5__ = await import("../../../providers/MarketplaceUserProvider");
  14 |  const __vi_import_6__ = await import("@contexts/data/ReferenceDataContext");
 ❯ TransformPluginContext._formatLog node_modules/vite/dist/node/chunks/dep-D4NMHUTW.js:42528:41
 ❯ TransformPluginContext.error node_modules/vite/dist/node/chunks/dep-D4NMHUTW.js:42525:16
 ❯ normalizeUrl node_modules/vite/dist/node/chunks/dep-D4NMHUTW.js:40504:23
 ❯ node_modules/vite/dist/node/chunks/dep-D4NMHUTW.js:40623:37
 ❯ TransformPluginContext.transform node_modules/vite/dist/node/chunks/dep-D4NMHUTW.js:40550:7
 ❯ EnvironmentPluginContainer.transform node_modules/vite/dist/node/chunks/dep-D4NMHUTW.js:42323:18
 ❯ loadAndTransform node_modules/vite/dist/node/chunks/dep-D4NMHUTW.js:35739:27

⎯⎯⎯⎯⎯⎯⎯⎯⎯⎯⎯⎯⎯⎯⎯⎯⎯⎯⎯⎯⎯[12/148]⎯

 FAIL  src/components/auth/marketplace/__tests__/MarketplaceLogin.test.tsx [ src/components/auth/marketplace/__tests__/MarketplaceLogin.test.tsx ]
Error: Failed to resolve import "../../../providers/MarketplaceUserProvider" from "src/components/auth/marketplace/__tests__/MarketplaceLogin.test.tsx". Does the file exist?
  Plugin: vite:import-analysis
  File: /home/sam/dev/flecs/flecs-webapp/src/components/auth/marketplace/__tests__/MarketplaceLogin.test.tsx:37:0
  11 |  const __vi_import_3__ = await import("../MarketplaceLogin");
  12 |  const __vi_import_4__ = await import("../../../../api/marketplace/MarketplaceAuthService");
  13 |  const __vi_import_5__ = await import("../../../providers/MarketplaceUserProvider");
     |                                       ^
  14 |  const __vi_import_6__ = await import("@contexts/api/ApiProvider");
  15 |  
 ❯ TransformPluginContext._formatLog node_modules/vite/dist/node/chunks/dep-D4NMHUTW.js:42528:41
 ❯ TransformPluginContext.error node_modules/vite/dist/node/chunks/dep-D4NMHUTW.js:42525:16
 ❯ normalizeUrl node_modules/vite/dist/node/chunks/dep-D4NMHUTW.js:40504:23
 ❯ node_modules/vite/dist/node/chunks/dep-D4NMHUTW.js:40623:37
 ❯ TransformPluginContext.transform node_modules/vite/dist/node/chunks/dep-D4NMHUTW.js:40550:7
 ❯ EnvironmentPluginContainer.transform node_modules/vite/dist/node/chunks/dep-D4NMHUTW.js:42323:18
 ❯ loadAndTransform node_modules/vite/dist/node/chunks/dep-D4NMHUTW.js:35739:27

⎯⎯⎯⎯⎯⎯⎯⎯⎯⎯⎯⎯⎯⎯⎯⎯⎯⎯⎯⎯⎯[13/148]⎯

 FAIL  src/components/menus/avatar/__tests__/Avatar.test.tsx [ src/components/menus/avatar/__tests__/Avatar.test.tsx ]
Error: Failed to resolve import "../../../providers/__mocks__/OAuth4WebApiAuthProvider" from "src/components/menus/avatar/__tests__/Avatar.test.tsx". Does the file exist?
  Plugin: vite:import-analysis
  File: /home/sam/dev/flecs/flecs-webapp/src/components/menus/avatar/__tests__/Avatar.test.tsx:41:0
  12 |  const __vi_import_3__ = await import("react-router-dom");
  13 |  const __vi_import_4__ = await import("../Avatar");
  14 |  const __vi_import_5__ = await import("../../../providers/__mocks__/OAuth4WebApiAuthProvider");
     |                                       ^
  15 |  
  16 |  
 ❯ TransformPluginContext._formatLog node_modules/vite/dist/node/chunks/dep-D4NMHUTW.js:42528:41
 ❯ TransformPluginContext.error node_modules/vite/dist/node/chunks/dep-D4NMHUTW.js:42525:16
 ❯ normalizeUrl node_modules/vite/dist/node/chunks/dep-D4NMHUTW.js:40504:23
 ❯ node_modules/vite/dist/node/chunks/dep-D4NMHUTW.js:40623:37
 ❯ TransformPluginContext.transform node_modules/vite/dist/node/chunks/dep-D4NMHUTW.js:40550:7
 ❯ EnvironmentPluginContainer.transform node_modules/vite/dist/node/chunks/dep-D4NMHUTW.js:42323:18
 ❯ loadAndTransform node_modules/vite/dist/node/chunks/dep-D4NMHUTW.js:35739:27

⎯⎯⎯⎯⎯⎯⎯⎯⎯⎯⎯⎯⎯⎯⎯⎯⎯⎯⎯⎯⎯[14/148]⎯


⎯⎯⎯⎯⎯⎯ Failed Tests 134 ⎯⎯⎯⎯⎯⎯

 FAIL  src/components/__tests__/AppInstanceRow.test.jsx > AppInstanceRow Component > renders component with app instance details
 FAIL  src/components/__tests__/AppInstanceRow.test.jsx > AppInstanceRow Component > shows start button and calls startInstance function when clicked
 FAIL  src/components/__tests__/AppInstanceRow.test.jsx > AppInstanceRow Component > shows stop button and calls stopInstance function when clicked
 FAIL  src/components/__tests__/AppInstanceRow.test.jsx > AppInstanceRow Component > disables start button if instance is running
 FAIL  src/components/__tests__/AppInstanceRow.test.jsx > AppInstanceRow Component > shows delete confirmation dialog when delete button is clicked
 FAIL  src/components/__tests__/AppInstanceRow.test.jsx > AppInstanceRow Component > calls deleteInstance function after confirmation
 FAIL  src/components/__tests__/AppInstanceRow.test.jsx > AppInstanceRow Component > opens info dialog when info button is clicked
 FAIL  src/components/__tests__/AppInstanceRow.test.jsx > AppInstanceRow Component > opens settings dialog when settings button is clicked
 FAIL  src/components/__tests__/AppInstanceRow.test.jsx > AppInstanceRow Component > displays snackbar with success message on successful instance start
Error: useQuestContext must be used within a QuestProvider
 ❯ useQuestContext src/contexts/quests/QuestContext.tsx:41:11
     39|   const context = React.useContext(QuestContext);
     40|   if (!context) {
     41|     throw new Error('useQuestContext must be used within a QuestProvid…
       |           ^
     42|   }
     43|   return context;
 ❯ AppInstanceRow src/components/AppInstanceRow.jsx:48:19
 ❯ Object.react_stack_bottom_frame node_modules/react-dom/cjs/react-dom-client.development.js:25904:20
 ❯ renderWithHooks node_modules/react-dom/cjs/react-dom-client.development.js:7662:22
 ❯ updateFunctionComponent node_modules/react-dom/cjs/react-dom-client.development.js:10166:19
 ❯ beginWork node_modules/react-dom/cjs/react-dom-client.development.js:11778:18
 ❯ runWithFiberInDEV node_modules/react-dom/cjs/react-dom-client.development.js:874:13
 ❯ performUnitOfWork node_modules/react-dom/cjs/react-dom-client.development.js:17641:22
 ❯ workLoopSync node_modules/react-dom/cjs/react-dom-client.development.js:17469:41
 ❯ renderRootSync node_modules/react-dom/cjs/react-dom-client.development.js:17450:11

⎯⎯⎯⎯⎯⎯⎯⎯⎯⎯⎯⎯⎯⎯⎯⎯⎯⎯⎯⎯⎯[15/148]⎯

 FAIL  src/components/__tests__/Import.test.tsx > Import component > renders Import component
 FAIL  src/components/__tests__/Import.test.tsx > Import component > handles JSON file upload and shows success snackbar
 FAIL  src/components/__tests__/Import.test.tsx > Import component > handles tar.gz file upload and shows success snackbar
 FAIL  src/components/__tests__/Import.test.tsx > Import component > handles unsupported file type upload
 FAIL  src/components/__tests__/Import.test.tsx > Import component > shows error snackbar on API failure
Error: useProtectedApi must be used within ProtectedApiProvider
 ❯ useProtectedApi src/contexts/api/ApiProvider.tsx:65:11
     63|   const context = useContext(ProtectedApiContext);
     64|   if (!context) {
     65|     throw new Error('useProtectedApi must be used within ProtectedApiP…
       |           ^
     66|   }
     67|   return context;
 ❯ Import src/components/Import.jsx:30:15
 ❯ Object.react_stack_bottom_frame node_modules/react-dom/cjs/react-dom-client.development.js:25904:20
 ❯ renderWithHooks node_modules/react-dom/cjs/react-dom-client.development.js:7662:22
 ❯ updateFunctionComponent node_modules/react-dom/cjs/react-dom-client.development.js:10166:19
 ❯ beginWork node_modules/react-dom/cjs/react-dom-client.development.js:11778:18
 ❯ runWithFiberInDEV node_modules/react-dom/cjs/react-dom-client.development.js:874:13
 ❯ performUnitOfWork node_modules/react-dom/cjs/react-dom-client.development.js:17641:22
 ❯ workLoopSync node_modules/react-dom/cjs/react-dom-client.development.js:17469:41
 ❯ renderRootSync node_modules/react-dom/cjs/react-dom-client.development.js:17450:11

⎯⎯⎯⎯⎯⎯⎯⎯⎯⎯⎯⎯⎯⎯⎯⎯⎯⎯⎯⎯⎯[16/148]⎯

 FAIL  src/components/__tests__/InstalledAppsListRow.test.jsx > Test Installed Apps List row > renders installed apps list row component
 FAIL  src/components/__tests__/InstalledAppsListRow.test.jsx > Test Installed Apps List row > create new instance
 FAIL  src/components/__tests__/InstalledAppsListRow.test.jsx > Test Installed Apps List row > test delete app
 FAIL  src/components/__tests__/InstalledAppsListRow.test.jsx > Test Installed Apps List row > test app with documentation url
 FAIL  src/components/__tests__/InstalledAppsListRow.test.jsx > Test Installed Apps List row > test app without documentation url
 FAIL  src/components/__tests__/InstalledAppsListRow.test.jsx > Test Installed Apps List row > renders an app with an editor
Error: useProtectedApi must be used within ProtectedApiProvider
 ❯ useProtectedApi src/contexts/api/ApiProvider.tsx:65:11
     63|   const context = useContext(ProtectedApiContext);
     64|   if (!context) {
     65|     throw new Error('useProtectedApi must be used within ProtectedApiP…
       |           ^
     66|   }
     67|   return context;
 ❯ Row src/components/InstalledAppsListRow.jsx:51:15
 ❯ Object.react_stack_bottom_frame node_modules/react-dom/cjs/react-dom-client.development.js:25904:20
 ❯ renderWithHooks node_modules/react-dom/cjs/react-dom-client.development.js:7662:22
 ❯ updateFunctionComponent node_modules/react-dom/cjs/react-dom-client.development.js:10166:19
 ❯ beginWork node_modules/react-dom/cjs/react-dom-client.development.js:11778:18
 ❯ runWithFiberInDEV node_modules/react-dom/cjs/react-dom-client.development.js:874:13
 ❯ performUnitOfWork node_modules/react-dom/cjs/react-dom-client.development.js:17641:22
 ❯ workLoopSync node_modules/react-dom/cjs/react-dom-client.development.js:17469:41
 ❯ renderRootSync node_modules/react-dom/cjs/react-dom-client.development.js:17450:11

⎯⎯⎯⎯⎯⎯⎯⎯⎯⎯⎯⎯⎯⎯⎯⎯⎯⎯⎯⎯⎯[17/148]⎯

 FAIL  src/components/device/__tests__/DeviceActivation.test.tsx > DeviceActivation Component > Error on checking the device activation status shows marketplace login
 FAIL  src/components/device/__tests__/DeviceActivation.test.tsx > DeviceActivation Component > Shows info box and marketplace login when no user is logged in and device is not activated
 FAIL  src/components/device/__tests__/DeviceActivation.test.tsx > DeviceActivation Component > Shows marketplace login and info box when there is an error in the DeviceActivationProvider
Error: useProtectedApi must be used within ProtectedApiProvider
 ❯ useProtectedApi src/contexts/api/ApiProvider.tsx:65:11
     63|   const context = useContext(ProtectedApiContext);
     64|   if (!context) {
     65|     throw new Error('useProtectedApi must be used within ProtectedApiP…
       |           ^
     66|   }
     67|   return context;
 ❯ MarketplaceLogin src/components/auth/marketplace/MarketplaceLogin.tsx:13:15
 ❯ Object.react_stack_bottom_frame node_modules/react-dom/cjs/react-dom-client.development.js:25904:20
 ❯ renderWithHooks node_modules/react-dom/cjs/react-dom-client.development.js:7662:22
 ❯ updateFunctionComponent node_modules/react-dom/cjs/react-dom-client.development.js:10166:19
 ❯ beginWork node_modules/react-dom/cjs/react-dom-client.development.js:11778:18
 ❯ runWithFiberInDEV node_modules/react-dom/cjs/react-dom-client.development.js:874:13
 ❯ performUnitOfWork node_modules/react-dom/cjs/react-dom-client.development.js:17641:22
 ❯ workLoopSync node_modules/react-dom/cjs/react-dom-client.development.js:17469:41
 ❯ renderRootSync node_modules/react-dom/cjs/react-dom-client.development.js:17450:11

⎯⎯⎯⎯⎯⎯⎯⎯⎯⎯⎯⎯⎯⎯⎯⎯⎯⎯⎯⎯⎯[18/148]⎯

 FAIL  src/components/onboarding/__tests__/OnboardingStepper.test.tsx > OnboardingStepper > renders the onboarding stepper with welcome message
 FAIL  src/components/onboarding/__tests__/OnboardingStepper.test.tsx > OnboardingStepper > shows setup progress
 FAIL  src/components/onboarding/__tests__/OnboardingStepper.test.tsx > OnboardingStepper > renders setup steps
 FAIL  src/components/onboarding/__tests__/OnboardingStepper.test.tsx > OnboardingStepper > does not render when onboarding is completed
 FAIL  src/components/onboarding/__tests__/OnboardingStepper.test.tsx > OnboardingStepper > handles API errors gracefully
 FAIL  src/components/onboarding/components/__tests__/OnboardingDialog.test.tsx > OnboardingDialog > renders the dialog when open is true
 FAIL  src/components/onboarding/components/__tests__/OnboardingDialog.test.tsx > OnboardingDialog > does not render the dialog when open is false
 FAIL  src/components/onboarding/components/__tests__/OnboardingDialog.test.tsx > OnboardingDialog > displays welcome title
 FAIL  src/components/onboarding/components/__tests__/OnboardingDialog.test.tsx > OnboardingDialog > renders MultiStepWizard with correct title when dialog is open
 FAIL  src/components/onboarding/components/__tests__/OnboardingDialog.test.tsx > OnboardingDialog > does not render MultiStepWizard when dialog is closed
 FAIL  src/components/onboarding/components/__tests__/OnboardingDialog.test.tsx > OnboardingDialog > renders close button that is disabled when wizard is not completed
 FAIL  src/components/onboarding/components/__tests__/OnboardingDialog.test.tsx > OnboardingDialog > renders close button
 FAIL  src/components/onboarding/components/__tests__/OnboardingDialog.test.tsx > OnboardingDialog > works without onClose prop
 FAIL  src/components/onboarding/components/__tests__/OnboardingDialog.test.tsx > OnboardingDialog > sets dialog properties correctly
 FAIL  src/components/onboarding/components/__tests__/OnboardingDialog.test.tsx > OnboardingDialog > renders dialog content with proper structure
 FAIL  src/components/onboarding/components/__tests__/OnboardingDialog.test.tsx > OnboardingDialog > close button state depends on wizard completion
 FAIL  src/components/onboarding/components/__tests__/OnboardingDialog.test.tsx > OnboardingDialog > provides API context to wizard through OnboardingProvider
Error: usePublicApi must be used within PublicApiProvider
 ❯ usePublicApi src/contexts/api/ApiProvider.tsx:54:11
     52|   const context = useContext(PublicApiContext);
     53|   if (!context) {
     54|     throw new Error('usePublicApi must be used within PublicApiProvide…
       |           ^
     55|   }
     56|   return context;
 ❯ OnboardingProvider src/components/onboarding/providers/OnboardingProvider.tsx:33:21
 ❯ Object.react_stack_bottom_frame node_modules/react-dom/cjs/react-dom-client.development.js:25904:20
 ❯ renderWithHooks node_modules/react-dom/cjs/react-dom-client.development.js:7662:22
 ❯ updateFunctionComponent node_modules/react-dom/cjs/react-dom-client.development.js:10166:19
 ❯ beginWork node_modules/react-dom/cjs/react-dom-client.development.js:11778:18
 ❯ runWithFiberInDEV node_modules/react-dom/cjs/react-dom-client.development.js:874:13
 ❯ performUnitOfWork node_modules/react-dom/cjs/react-dom-client.development.js:17641:22
 ❯ workLoopSync node_modules/react-dom/cjs/react-dom-client.development.js:17469:41
 ❯ renderRootSync node_modules/react-dom/cjs/react-dom-client.development.js:17450:11

⎯⎯⎯⎯⎯⎯⎯⎯⎯⎯⎯⎯⎯⎯⎯⎯⎯⎯⎯⎯⎯[19/148]⎯

 FAIL  src/components/apps/cards/__tests__/Card.test.tsx > Card Component > Status Chips > does not show status chip for available installable app
Error: [2mexpect([22m[31melement[39m[2m).not.toBeInTheDocument()[22m

[31mexpected document not to contain element, found <span
  class="MuiChip-label MuiChip-labelSmall css-eccknh-MuiChip-label"
>
  Not Installable
</span> instead[39m
 ❯ src/components/apps/cards/__tests__/Card.test.tsx:121:57
    119|       expect(screen.queryByText('Installed')).not.toBeInTheDocument();
    120|       expect(screen.queryByText('Update')).not.toBeInTheDocument();
    121|       expect(screen.queryByText('Not Installable')).not.toBeInTheDocum…
       |                                                         ^
    122|     });
    123|   });

⎯⎯⎯⎯⎯⎯⎯⎯⎯⎯⎯⎯⎯⎯⎯⎯⎯⎯⎯⎯⎯[20/148]⎯

 FAIL  src/components/apps/cards/__tests__/Card.test.tsx > Card Component > Action Buttons > shows install button for available app
Error: [2mexpect([22m[31melement[39m[2m).not.toBeDisabled()[22m

Received element is disabled:
  [31m<button
  class="MuiButtonBase-root MuiButton-root MuiButton-contained MuiButton-containedSuccess MuiButton-sizeMedium MuiButton-containedSizeMedium MuiButton-colorSuccess MuiButton-fullWidth Mui-disabled MuiButton-root MuiButton-contained MuiButton-containedSuccess MuiButton-sizeMedium MuiButton-containedSizeMedium MuiButton-colorSuccess MuiButton-fullWidth css-o6obux-MuiButtonBase-root-MuiButton-root"
  data-testid="install-app-button"
  disabled=""
  tabindex="-1"
  type="button"
/>[39m
 ❯ src/components/apps/cards/__tests__/Card.test.tsx:132:33
    130|       expect(installButton).toBeInTheDocument();
    131|       expect(installButton).toHaveTextContent('Install');
    132|       expect(installButton).not.toBeDisabled();
       |                                 ^
    133|     });
    134| 

⎯⎯⎯⎯⎯⎯⎯⎯⎯⎯⎯⎯⎯⎯⎯⎯⎯⎯⎯⎯⎯[21/148]⎯

 FAIL  src/components/apps/cards/__tests__/Card.test.tsx > Card Component > System Compatibility > marks app as installable when requirement matches system arch
Error: [2mexpect([22m[31melement[39m[2m).not.toBeDisabled()[22m

Received element is disabled:
  [31m<button
  class="MuiButtonBase-root MuiButton-root MuiButton-contained MuiButton-containedSuccess MuiButton-sizeMedium MuiButton-containedSizeMedium MuiButton-colorSuccess MuiButton-fullWidth Mui-disabled MuiButton-root MuiButton-contained MuiButton-containedSuccess MuiButton-sizeMedium MuiButton-containedSizeMedium MuiButton-colorSuccess MuiButton-fullWidth css-o6obux-MuiButtonBase-root-MuiButton-root"
  data-testid="install-app-button"
  disabled=""
  tabindex="-1"
  type="button"
/>[39m
 ❯ src/components/apps/cards/__tests__/Card.test.tsx:236:33
    234| 
    235|       const installButton = screen.getByTestId('install-app-button');
    236|       expect(installButton).not.toBeDisabled();
       |                                 ^
    237|     });
    238| 

⎯⎯⎯⎯⎯⎯⎯⎯⎯⎯⎯⎯⎯⎯⎯⎯⎯⎯⎯⎯⎯[22/148]⎯

 FAIL  src/components/apps/cards/__tests__/Card.test.tsx > Card Component > System Compatibility > handles app with multiple compatible architectures
Error: [2mexpect([22m[31melement[39m[2m).not.toBeDisabled()[22m

Received element is disabled:
  [31m<button
  class="MuiButtonBase-root MuiButton-root MuiButton-contained MuiButton-containedSuccess MuiButton-sizeMedium MuiButton-containedSizeMedium MuiButton-colorSuccess MuiButton-fullWidth Mui-disabled MuiButton-root MuiButton-contained MuiButton-containedSuccess MuiButton-sizeMedium MuiButton-containedSizeMedium MuiButton-colorSuccess MuiButton-fullWidth css-o6obux-MuiButtonBase-root-MuiButton-root"
  data-testid="install-app-button"
  disabled=""
  tabindex="-1"
  type="button"
/>[39m
 ❯ src/components/apps/cards/__tests__/Card.test.tsx:255:33
    253| 
    254|       const installButton = screen.getByTestId('install-app-button');
    255|       expect(installButton).not.toBeDisabled();
       |                                 ^
    256|     });
    257|   });

⎯⎯⎯⎯⎯⎯⎯⎯⎯⎯⎯⎯⎯⎯⎯⎯⎯⎯⎯⎯⎯[23/148]⎯

 FAIL  src/components/apps/cards/__tests__/FullCard.test.tsx > FullCard Component > Status Chips > shows "Installed" chip for installed app without updates
 FAIL  src/components/apps/cards/__tests__/FullCard.test.tsx > FullCard Component > Action Buttons - Installed App > shows uninstall button for installed app
 FAIL  src/components/apps/cards/__tests__/FullCard.test.tsx > FullCard Component > Action Buttons - Installed App > handles uninstall complete callback
 FAIL  src/components/apps/cards/__tests__/FullCard.test.tsx > FullCard Component > Edge Cases > handles installed app without instances
 FAIL  src/components/buttons/app/__tests__/UninstallButton.test.tsx > UninstallButton > Basic Rendering > renders uninstall button by default
 FAIL  src/components/buttons/app/__tests__/UninstallButton.test.tsx > UninstallButton > Basic Rendering > renders icon variant when specified
 FAIL  src/components/buttons/app/__tests__/UninstallButton.test.tsx > UninstallButton > Basic Rendering > does not render when version is not installed
 FAIL  src/components/buttons/app/__tests__/UninstallButton.test.tsx > UninstallButton > Dialog Functionality > opens confirm dialog when uninstall button is clicked
 FAIL  src/components/buttons/app/__tests__/UninstallButton.test.tsx > UninstallButton > Dialog Functionality > closes dialog when No is clicked
 FAIL  src/components/buttons/app/__tests__/UninstallButton.test.tsx > UninstallButton > Uninstall Process > successfully uninstalls app when Yes is clicked
 FAIL  src/components/buttons/app/__tests__/UninstallButton.test.tsx > UninstallButton > Uninstall Process > handles uninstall failure
 FAIL  src/components/buttons/app/__tests__/UninstallButton.test.tsx > UninstallButton > Uninstall Process > handles API error during uninstall
Error: useProtectedApi must be used within ProtectedApiProvider
 ❯ useProtectedApi src/contexts/api/ApiProvider.tsx:65:11
     63|   const context = useContext(ProtectedApiContext);
     64|   if (!context) {
     65|     throw new Error('useProtectedApi must be used within ProtectedApiP…
       |           ^
     66|   }
     67|   return context;
 ❯ UninstallButton src/components/buttons/app/UninstallButton.tsx:48:15
 ❯ Object.react_stack_bottom_frame node_modules/react-dom/cjs/react-dom-client.development.js:25904:20
 ❯ renderWithHooks node_modules/react-dom/cjs/react-dom-client.development.js:7662:22
 ❯ updateFunctionComponent node_modules/react-dom/cjs/react-dom-client.development.js:10166:19
 ❯ beginWork node_modules/react-dom/cjs/react-dom-client.development.js:11778:18
 ❯ runWithFiberInDEV node_modules/react-dom/cjs/react-dom-client.development.js:874:13
 ❯ performUnitOfWork node_modules/react-dom/cjs/react-dom-client.development.js:17641:22
 ❯ workLoopSync node_modules/react-dom/cjs/react-dom-client.development.js:17469:41
 ❯ renderRootSync node_modules/react-dom/cjs/react-dom-client.development.js:17450:11

⎯⎯⎯⎯⎯⎯⎯⎯⎯⎯⎯⎯⎯⎯⎯⎯⎯⎯⎯⎯⎯[24/148]⎯

 FAIL  src/components/apps/cards/__tests__/FullCard.test.tsx > FullCard Component > Action Buttons - Available App > shows install button for available app
Error: [2mexpect([22m[31melement[39m[2m).not.toBeDisabled()[22m

Received element is disabled:
  [31m<button
  class="MuiButtonBase-root MuiButton-root MuiButton-contained MuiButton-containedSuccess MuiButton-sizeMedium MuiButton-containedSizeMedium MuiButton-colorSuccess MuiButton-fullWidth Mui-disabled MuiButton-root MuiButton-contained MuiButton-containedSuccess MuiButton-sizeMedium MuiButton-containedSizeMedium MuiButton-colorSuccess MuiButton-fullWidth css-o6obux-MuiButtonBase-root-MuiButton-root"
  data-testid="install-app-button"
  disabled=""
  tabindex="-1"
  type="button"
/>[39m
 ❯ src/components/apps/cards/__tests__/FullCard.test.tsx:218:33
    216|       const installButton = screen.getByRole('button', { name: /instal…
    217|       expect(installButton).toBeInTheDocument();
    218|       expect(installButton).not.toBeDisabled();
       |                                 ^
    219|       expect(installButton.textContent).toMatch(/install \d+\.\d+\.\d+…
    220|     });

⎯⎯⎯⎯⎯⎯⎯⎯⎯⎯⎯⎯⎯⎯⎯⎯⎯⎯⎯⎯⎯[25/148]⎯

 FAIL  src/components/apps/cards/__tests__/FullCard.test.tsx > FullCard Component > System Requirements Section > highlights compatible architecture
Error: [2mexpect([22m[31melement[39m[2m).toHaveClass([22m[32m[32m"MuiChip-colorSuccess"[32m[39m[2m)[22m

Expected the element to have class:
[32m  MuiChip-colorSuccess[39m
Received:
[31m  MuiChip-root MuiChip-filled MuiChip-sizeSmall MuiChip-colorDefault MuiChip-filledDefault css-1lflu6f-MuiChip-root[39m
 ❯ src/components/apps/cards/__tests__/FullCard.test.tsx:322:25
    320| 
    321|       const amd64Chip = screen.getByText('amd64').closest('.MuiChip-ro…
    322|       expect(amd64Chip).toHaveClass('MuiChip-colorSuccess');
       |                         ^
    323|     });
    324| 

⎯⎯⎯⎯⎯⎯⎯⎯⎯⎯⎯⎯⎯⎯⎯⎯⎯⎯⎯⎯⎯[26/148]⎯

 FAIL  src/components/apps/installation/__tests__/InstallApp.test.jsx > InstallApp Component > renders InstallApp component
 FAIL  src/components/apps/installation/__tests__/InstallApp.test.jsx > InstallApp Component > successfully installs app
 FAIL  src/components/apps/installation/__tests__/InstallApp.test.jsx > InstallApp Component > handles installation failure
 FAIL  src/components/apps/installation/__tests__/InstallApp.test.jsx > InstallApp Component > handles missing app gracefully
 FAIL  src/components/apps/installation/__tests__/InstallApp.test.jsx > InstallApp Component > shows quest progress during installation
Error: useQuestContext must be used within a QuestProvider
 ❯ useQuestContext src/contexts/quests/QuestContext.tsx:41:11
     39|   const context = React.useContext(QuestContext);
     40|   if (!context) {
     41|     throw new Error('useQuestContext must be used within a QuestProvid…
       |           ^
     42|   }
     43|   return context;
 ❯ InstallApp src/components/apps/installation/InstallApp.jsx:32:19
 ❯ Object.react_stack_bottom_frame node_modules/react-dom/cjs/react-dom-client.development.js:25904:20
 ❯ renderWithHooks node_modules/react-dom/cjs/react-dom-client.development.js:7662:22
 ❯ updateFunctionComponent node_modules/react-dom/cjs/react-dom-client.development.js:10166:19
 ❯ beginWork node_modules/react-dom/cjs/react-dom-client.development.js:11778:18
 ❯ runWithFiberInDEV node_modules/react-dom/cjs/react-dom-client.development.js:874:13
 ❯ performUnitOfWork node_modules/react-dom/cjs/react-dom-client.development.js:17641:22
 ❯ workLoopSync node_modules/react-dom/cjs/react-dom-client.development.js:17469:41
 ❯ renderRootSync node_modules/react-dom/cjs/react-dom-client.development.js:17450:11

⎯⎯⎯⎯⎯⎯⎯⎯⎯⎯⎯⎯⎯⎯⎯⎯⎯⎯⎯⎯⎯[27/148]⎯

 FAIL  src/components/apps/installation/__tests__/SideloadApp.test.jsx > SideloadApp Component > renders SideloadApp component
 FAIL  src/components/apps/installation/__tests__/SideloadApp.test.jsx > SideloadApp Component > successfully sideloads app
 FAIL  src/components/apps/installation/__tests__/SideloadApp.test.jsx > SideloadApp Component > handles sideload failure
 FAIL  src/components/apps/installation/__tests__/SideloadApp.test.jsx > SideloadApp Component > handles missing manifest gracefully
 FAIL  src/components/apps/installation/__tests__/SideloadApp.test.jsx > SideloadApp Component > shows quest progress during sideloading
Error: useProtectedApi must be used within ProtectedApiProvider
 ❯ useProtectedApi src/contexts/api/ApiProvider.tsx:65:11
     63|   const context = useContext(ProtectedApiContext);
     64|   if (!context) {
     65|     throw new Error('useProtectedApi must be used within ProtectedApiP…
       |           ^
     66|   }
     67|   return context;
 ❯ SideloadApp src/components/apps/installation/SideloadApp.jsx:33:15
 ❯ Object.react_stack_bottom_frame node_modules/react-dom/cjs/react-dom-client.development.js:25904:20
 ❯ renderWithHooks node_modules/react-dom/cjs/react-dom-client.development.js:7662:22
 ❯ updateFunctionComponent node_modules/react-dom/cjs/react-dom-client.development.js:10166:19
 ❯ beginWork node_modules/react-dom/cjs/react-dom-client.development.js:11778:18
 ❯ runWithFiberInDEV node_modules/react-dom/cjs/react-dom-client.development.js:874:13
 ❯ performUnitOfWork node_modules/react-dom/cjs/react-dom-client.development.js:17641:22
 ❯ workLoopSync node_modules/react-dom/cjs/react-dom-client.development.js:17469:41
 ❯ renderRootSync node_modules/react-dom/cjs/react-dom-client.development.js:17450:11

⎯⎯⎯⎯⎯⎯⎯⎯⎯⎯⎯⎯⎯⎯⎯⎯⎯⎯⎯⎯⎯[28/148]⎯

 FAIL  src/components/apps/installation/__tests__/UpdateApp.test.jsx > UpdateApp Component > renders UpdateApp component
 FAIL  src/components/apps/installation/__tests__/UpdateApp.test.jsx > UpdateApp Component > successfully updates app
 FAIL  src/components/apps/installation/__tests__/UpdateApp.test.jsx > UpdateApp Component > handles update failure
 FAIL  src/components/apps/installation/__tests__/UpdateApp.test.jsx > UpdateApp Component > handles missing installed app gracefully
 FAIL  src/components/apps/installation/__tests__/UpdateApp.test.jsx > UpdateApp Component > handles downgrade scenario
Error: useQuestContext must be used within a QuestProvider
 ❯ useQuestContext src/contexts/quests/QuestContext.tsx:41:11
     39|   const context = React.useContext(QuestContext);
     40|   if (!context) {
     41|     throw new Error('useQuestContext must be used within a QuestProvid…
       |           ^
     42|   }
     43|   return context;
 ❯ UpdateApp src/components/apps/installation/UpdateApp.jsx:15:19
 ❯ Object.react_stack_bottom_frame node_modules/react-dom/cjs/react-dom-client.development.js:25904:20
 ❯ renderWithHooks node_modules/react-dom/cjs/react-dom-client.development.js:7662:22
 ❯ updateFunctionComponent node_modules/react-dom/cjs/react-dom-client.development.js:10166:19
 ❯ beginWork node_modules/react-dom/cjs/react-dom-client.development.js:11778:18
 ❯ runWithFiberInDEV node_modules/react-dom/cjs/react-dom-client.development.js:874:13
 ❯ performUnitOfWork node_modules/react-dom/cjs/react-dom-client.development.js:17641:22
 ❯ workLoopSync node_modules/react-dom/cjs/react-dom-client.development.js:17469:41
 ❯ renderRootSync node_modules/react-dom/cjs/react-dom-client.development.js:17450:11

⎯⎯⎯⎯⎯⎯⎯⎯⎯⎯⎯⎯⎯⎯⎯⎯⎯⎯⎯⎯⎯[29/148]⎯

 FAIL  src/components/dialogs/tabs/__tests__/EditorConfigTab.test.tsx > EditorConfigTab > renders loading spinner while fetching editors
 FAIL  src/components/dialogs/tabs/__tests__/EditorConfigTab.test.tsx > EditorConfigTab > renders editors when data is fetched
 FAIL  src/components/dialogs/tabs/__tests__/EditorConfigTab.test.tsx > EditorConfigTab > changing path prefix updates url
 FAIL  src/components/dialogs/tabs/__tests__/EditorConfigTab.test.tsx > EditorConfigTab > no path prefix disables delete
 FAIL  src/components/dialogs/tabs/__tests__/EditorConfigTab.test.tsx > EditorConfigTab > path prefix enables delete
 FAIL  src/components/dialogs/tabs/__tests__/EditorConfigTab.test.tsx > EditorConfigTab > delete path prefix
 FAIL  src/components/dialogs/tabs/__tests__/EditorConfigTab.test.tsx > EditorConfigTab > changing path prefix enables save
 FAIL  src/components/dialogs/tabs/__tests__/EditorConfigTab.test.tsx > EditorConfigTab > save path prefix
Error: useProtectedApi must be used within ProtectedApiProvider
 ❯ useProtectedApi src/contexts/api/ApiProvider.tsx:65:11
     63|   const context = useContext(ProtectedApiContext);
     64|   if (!context) {
     65|     throw new Error('useProtectedApi must be used within ProtectedApiP…
       |           ^
     66|   }
     67|   return context;
 ❯ EditorConfigTab src/components/dialogs/tabs/EditorConfigTab.tsx:40:15
 ❯ Object.react_stack_bottom_frame node_modules/react-dom/cjs/react-dom-client.development.js:25904:20
 ❯ renderWithHooks node_modules/react-dom/cjs/react-dom-client.development.js:7662:22
 ❯ updateFunctionComponent node_modules/react-dom/cjs/react-dom-client.development.js:10166:19
 ❯ beginWork node_modules/react-dom/cjs/react-dom-client.development.js:11778:18
 ❯ runWithFiberInDEV node_modules/react-dom/cjs/react-dom-client.development.js:874:13
 ❯ performUnitOfWork node_modules/react-dom/cjs/react-dom-client.development.js:17641:22
 ❯ workLoopSync node_modules/react-dom/cjs/react-dom-client.development.js:17469:41
 ❯ renderRootSync node_modules/react-dom/cjs/react-dom-client.development.js:17450:11

⎯⎯⎯⎯⎯⎯⎯⎯⎯⎯⎯⎯⎯⎯⎯⎯⎯⎯⎯⎯⎯[30/148]⎯

 FAIL  src/components/dialogs/tabs/__tests__/EnvironmentConfigTab.test.tsx > EnvironmentConfigTab > renders loading spinner while fetching environment variables
 FAIL  src/components/dialogs/tabs/__tests__/EnvironmentConfigTab.test.tsx > EnvironmentConfigTab > renders environment variables when data is fetched
 FAIL  src/components/dialogs/tabs/__tests__/EnvironmentConfigTab.test.tsx > EnvironmentConfigTab > adds a new environment variable
 FAIL  src/components/dialogs/tabs/__tests__/EnvironmentConfigTab.test.tsx > EnvironmentConfigTab > deletes an environment variable
 FAIL  src/components/dialogs/tabs/__tests__/EnvironmentConfigTab.test.tsx > EnvironmentConfigTab > saves environment variables
 FAIL  src/components/dialogs/tabs/__tests__/EnvironmentConfigTab.test.tsx > EnvironmentConfigTab > shows a success snackbar when saving succeeds
 FAIL  src/components/dialogs/tabs/__tests__/EnvironmentConfigTab.test.tsx > EnvironmentConfigTab > shows an error snackbar when saving fails
Error: useProtectedApi must be used within ProtectedApiProvider
 ❯ useProtectedApi src/contexts/api/ApiProvider.tsx:65:11
     63|   const context = useContext(ProtectedApiContext);
     64|   if (!context) {
     65|     throw new Error('useProtectedApi must be used within ProtectedApiP…
       |           ^
     66|   }
     67|   return context;
 ❯ EnvironmentConfigTab src/components/dialogs/tabs/EnvironmentConfigTab.tsx:35:15
 ❯ Object.react_stack_bottom_frame node_modules/react-dom/cjs/react-dom-client.development.js:25904:20
 ❯ renderWithHooks node_modules/react-dom/cjs/react-dom-client.development.js:7662:22
 ❯ updateFunctionComponent node_modules/react-dom/cjs/react-dom-client.development.js:10166:19
 ❯ beginWork node_modules/react-dom/cjs/react-dom-client.development.js:11778:18
 ❯ runWithFiberInDEV node_modules/react-dom/cjs/react-dom-client.development.js:874:13
 ❯ performUnitOfWork node_modules/react-dom/cjs/react-dom-client.development.js:17641:22
 ❯ workLoopSync node_modules/react-dom/cjs/react-dom-client.development.js:17469:41
 ❯ renderRootSync node_modules/react-dom/cjs/react-dom-client.development.js:17450:11

⎯⎯⎯⎯⎯⎯⎯⎯⎯⎯⎯⎯⎯⎯⎯⎯⎯⎯⎯⎯⎯[31/148]⎯

 FAIL  src/components/dialogs/tabs/__tests__/NetworkConfigTab.test.tsx > NetworkConfigTab > renders loading spinner while fetching data
 FAIL  src/components/dialogs/tabs/__tests__/NetworkConfigTab.test.tsx > NetworkConfigTab > renders the list of networks after fetching data
 FAIL  src/components/dialogs/tabs/__tests__/NetworkConfigTab.test.tsx > NetworkConfigTab > handles network activation change
Error: useProtectedApi must be used within ProtectedApiProvider
 ❯ useProtectedApi src/contexts/api/ApiProvider.tsx:65:11
     63|   const context = useContext(ProtectedApiContext);
     64|   if (!context) {
     65|     throw new Error('useProtectedApi must be used within ProtectedApiP…
       |           ^
     66|   }
     67|   return context;
 ❯ NetworkConfigTab src/components/dialogs/tabs/NetworkConfigTab.tsx:52:15
 ❯ Object.react_stack_bottom_frame node_modules/react-dom/cjs/react-dom-client.development.js:25904:20
 ❯ renderWithHooks node_modules/react-dom/cjs/react-dom-client.development.js:7662:22
 ❯ updateFunctionComponent node_modules/react-dom/cjs/react-dom-client.development.js:10166:19
 ❯ beginWork node_modules/react-dom/cjs/react-dom-client.development.js:11778:18
 ❯ runWithFiberInDEV node_modules/react-dom/cjs/react-dom-client.development.js:874:13
 ❯ performUnitOfWork node_modules/react-dom/cjs/react-dom-client.development.js:17641:22
 ❯ workLoopSync node_modules/react-dom/cjs/react-dom-client.development.js:17469:41
 ❯ renderRootSync node_modules/react-dom/cjs/react-dom-client.development.js:17450:11

⎯⎯⎯⎯⎯⎯⎯⎯⎯⎯⎯⎯⎯⎯⎯⎯⎯⎯⎯⎯⎯[32/148]⎯

 FAIL  src/components/dialogs/tabs/__tests__/PortsConfigTab.test.tsx > PortsConfigTab > renders loading spinner while fetching ports
 FAIL  src/components/dialogs/tabs/__tests__/PortsConfigTab.test.tsx > PortsConfigTab > renders "No ports configured" when no ports are returned
 FAIL  src/components/dialogs/tabs/__tests__/PortsConfigTab.test.tsx > PortsConfigTab > renders ports when data is fetched
 FAIL  src/components/dialogs/tabs/__tests__/PortsConfigTab.test.tsx > PortsConfigTab > handles adding a single port mapping
 FAIL  src/components/dialogs/tabs/__tests__/PortsConfigTab.test.tsx > PortsConfigTab > handles saving ports
 FAIL  src/components/dialogs/tabs/__tests__/PortsConfigTab.test.tsx > PortsConfigTab > handles deleting a port
 FAIL  src/components/dialogs/tabs/__tests__/PortsConfigTab.test.tsx > PortsConfigTab > handles adding a port range mapping
Error: useProtectedApi must be used within ProtectedApiProvider
 ❯ useProtectedApi src/contexts/api/ApiProvider.tsx:65:11
     63|   const context = useContext(ProtectedApiContext);
     64|   if (!context) {
     65|     throw new Error('useProtectedApi must be used within ProtectedApiP…
       |           ^
     66|   }
     67|   return context;
 ❯ PortsConfigTab src/components/dialogs/tabs/PortsConfigTab.tsx:46:15
 ❯ Object.react_stack_bottom_frame node_modules/react-dom/cjs/react-dom-client.development.js:25904:20
 ❯ renderWithHooks node_modules/react-dom/cjs/react-dom-client.development.js:7662:22
 ❯ updateFunctionComponent node_modules/react-dom/cjs/react-dom-client.development.js:10166:19
 ❯ beginWork node_modules/react-dom/cjs/react-dom-client.development.js:11778:18
 ❯ runWithFiberInDEV node_modules/react-dom/cjs/react-dom-client.development.js:874:13
 ❯ performUnitOfWork node_modules/react-dom/cjs/react-dom-client.development.js:17641:22
 ❯ workLoopSync node_modules/react-dom/cjs/react-dom-client.development.js:17469:41
 ❯ renderRootSync node_modules/react-dom/cjs/react-dom-client.development.js:17450:11

⎯⎯⎯⎯⎯⎯⎯⎯⎯⎯⎯⎯⎯⎯⎯⎯⎯⎯⎯⎯⎯[33/148]⎯

 FAIL  src/components/dialogs/tabs/__tests__/UsbConfigTab.test.tsx > UsbConfigTab > renders loading spinner while fetching data
 FAIL  src/components/dialogs/tabs/__tests__/UsbConfigTab.test.tsx > UsbConfigTab > renders the list of USB devices after fetching data
 FAIL  src/components/dialogs/tabs/__tests__/UsbConfigTab.test.tsx > UsbConfigTab > handles USB device toggle
Error: useProtectedApi must be used within ProtectedApiProvider
 ❯ useProtectedApi src/contexts/api/ApiProvider.tsx:65:11
     63|   const context = useContext(ProtectedApiContext);
     64|   if (!context) {
     65|     throw new Error('useProtectedApi must be used within ProtectedApiP…
       |           ^
     66|   }
     67|   return context;
 ❯ UsbConfigTab src/components/dialogs/tabs/UsbConfigTab.tsx:41:15
 ❯ Object.react_stack_bottom_frame node_modules/react-dom/cjs/react-dom-client.development.js:25904:20
 ❯ renderWithHooks node_modules/react-dom/cjs/react-dom-client.development.js:7662:22
 ❯ updateFunctionComponent node_modules/react-dom/cjs/react-dom-client.development.js:10166:19
 ❯ beginWork node_modules/react-dom/cjs/react-dom-client.development.js:11778:18
 ❯ runWithFiberInDEV node_modules/react-dom/cjs/react-dom-client.development.js:874:13
 ❯ performUnitOfWork node_modules/react-dom/cjs/react-dom-client.development.js:17641:22
 ❯ workLoopSync node_modules/react-dom/cjs/react-dom-client.development.js:17469:41
 ❯ renderRootSync node_modules/react-dom/cjs/react-dom-client.development.js:17450:11

⎯⎯⎯⎯⎯⎯⎯⎯⎯⎯⎯⎯⎯⎯⎯⎯⎯⎯⎯⎯⎯[34/148]⎯

 FAIL  src/components/lists/flecsports/__tests__/ExportList.test.tsx > <ExportList /> > renders loading spinner initially
 FAIL  src/components/lists/flecsports/__tests__/ExportList.test.tsx > <ExportList /> > renders error message when fetch fails
 FAIL  src/components/lists/flecsports/__tests__/ExportList.test.tsx > <ExportList /> > renders empty state when no exports
 FAIL  src/components/lists/flecsports/__tests__/ExportList.test.tsx > <ExportList /> > renders exports table when data is available
 FAIL  src/components/lists/flecsports/__tests__/ExportList.test.tsx > <ExportList /> > handles download action
 FAIL  src/components/lists/flecsports/__tests__/ExportList.test.tsx > <ExportList /> > handles delete action
Error: useProtectedApi must be used within ProtectedApiProvider
 ❯ useProtectedApi src/contexts/api/ApiProvider.tsx:65:11
     63|   const context = useContext(ProtectedApiContext);
     64|   if (!context) {
     65|     throw new Error('useProtectedApi must be used within ProtectedApiP…
       |           ^
     66|   }
     67|   return context;
 ❯ ExportList src/components/lists/flecsports/ExportList.tsx:18:15
 ❯ Object.react_stack_bottom_frame node_modules/react-dom/cjs/react-dom-client.development.js:25904:20
 ❯ renderWithHooks node_modules/react-dom/cjs/react-dom-client.development.js:7662:22
 ❯ updateFunctionComponent node_modules/react-dom/cjs/react-dom-client.development.js:10166:19
 ❯ beginWork node_modules/react-dom/cjs/react-dom-client.development.js:11778:18
 ❯ runWithFiberInDEV node_modules/react-dom/cjs/react-dom-client.development.js:874:13
 ❯ performUnitOfWork node_modules/react-dom/cjs/react-dom-client.development.js:17641:22
 ❯ workLoopSync node_modules/react-dom/cjs/react-dom-client.development.js:17469:41
 ❯ renderRootSync node_modules/react-dom/cjs/react-dom-client.development.js:17450:11

⎯⎯⎯⎯⎯⎯⎯⎯⎯⎯⎯⎯⎯⎯⎯⎯⎯⎯⎯⎯⎯[35/148]⎯

 FAIL  src/components/onboarding/steps/__tests__/AuthProviderStep.test.tsx > AuthProviderStep > shows loading state initially
 FAIL  src/components/onboarding/steps/__tests__/AuthProviderStep.test.tsx > AuthProviderStep > shows error if error prop is provided
 FAIL  src/components/onboarding/steps/__tests__/AuthProviderStep.test.tsx > AuthProviderStep > calls onPrevious when Previous is clicked in error state
Error: usePublicApi must be used within PublicApiProvider
 ❯ usePublicApi src/contexts/api/ApiProvider.tsx:54:11
     52|   const context = useContext(PublicApiContext);
     53|   if (!context) {
     54|     throw new Error('usePublicApi must be used within PublicApiProvide…
       |           ^
     55|   }
     56|   return context;
 ❯ AuthProviderStepComponent src/components/onboarding/steps/AuthProviderStep.tsx:62:15
 ❯ Object.react_stack_bottom_frame node_modules/react-dom/cjs/react-dom-client.development.js:25904:20
 ❯ renderWithHooks node_modules/react-dom/cjs/react-dom-client.development.js:7662:22
 ❯ updateFunctionComponent node_modules/react-dom/cjs/react-dom-client.development.js:10166:19
 ❯ beginWork node_modules/react-dom/cjs/react-dom-client.development.js:11778:18
 ❯ runWithFiberInDEV node_modules/react-dom/cjs/react-dom-client.development.js:874:13
 ❯ performUnitOfWork node_modules/react-dom/cjs/react-dom-client.development.js:17641:22
 ❯ workLoopSync node_modules/react-dom/cjs/react-dom-client.development.js:17469:41
 ❯ renderRootSync node_modules/react-dom/cjs/react-dom-client.development.js:17450:11

⎯⎯⎯⎯⎯⎯⎯⎯⎯⎯⎯⎯⎯⎯⎯⎯⎯⎯⎯⎯⎯[36/148]⎯

 FAIL  src/components/onboarding/steps/__tests__/SuperAdminStep.test.tsx > SuperAdminStep > SuperAdminStepComponent > Initial Rendering > renders the form with all required fields
 FAIL  src/components/onboarding/steps/__tests__/SuperAdminStep.test.tsx > SuperAdminStep > SuperAdminStepComponent > Initial Rendering > has default username set to "admin"
 FAIL  src/components/onboarding/steps/__tests__/SuperAdminStep.test.tsx > SuperAdminStep > SuperAdminStepComponent > Initial Rendering > has password fields initially empty
 FAIL  src/components/onboarding/steps/__tests__/SuperAdminStep.test.tsx > SuperAdminStep > SuperAdminStepComponent > Form Input Handling > allows typing in username field
 FAIL  src/components/onboarding/steps/__tests__/SuperAdminStep.test.tsx > SuperAdminStep > SuperAdminStepComponent > Form Input Handling > allows typing in password field
 FAIL  src/components/onboarding/steps/__tests__/SuperAdminStep.test.tsx > SuperAdminStep > SuperAdminStepComponent > Form Input Handling > allows typing in confirm password field
 FAIL  src/components/onboarding/steps/__tests__/SuperAdminStep.test.tsx > SuperAdminStep > SuperAdminStepComponent > Password Visibility Toggle > toggles password visibility for password field
 FAIL  src/components/onboarding/steps/__tests__/SuperAdminStep.test.tsx > SuperAdminStep > SuperAdminStepComponent > Password Visibility Toggle > toggles password visibility for confirm password field
 FAIL  src/components/onboarding/steps/__tests__/SuperAdminStep.test.tsx > SuperAdminStep > SuperAdminStepComponent > Password Strength Indicator > shows password strength indicator when password is entered
 FAIL  src/components/onboarding/steps/__tests__/SuperAdminStep.test.tsx > SuperAdminStep > SuperAdminStepComponent > Password Strength Indicator > shows different strength levels based on password complexity
 FAIL  src/components/onboarding/steps/__tests__/SuperAdminStep.test.tsx > SuperAdminStep > SuperAdminStepComponent > Password Strength Indicator > does not show password strength when password is empty
 FAIL  src/components/onboarding/steps/__tests__/SuperAdminStep.test.tsx > SuperAdminStep > SuperAdminStepComponent > Form Validation > shows validation error for empty username
 FAIL  src/components/onboarding/steps/__tests__/SuperAdminStep.test.tsx > SuperAdminStep > SuperAdminStepComponent > Form Validation > shows validation error for empty password
 FAIL  src/components/onboarding/steps/__tests__/SuperAdminStep.test.tsx > SuperAdminStep > SuperAdminStepComponent > Form Validation > shows validation error for mismatched passwords
 FAIL  src/components/onboarding/steps/__tests__/SuperAdminStep.test.tsx > SuperAdminStep > SuperAdminStepComponent > Form Submission > submits form with correct data when valid
 FAIL  src/components/onboarding/steps/__tests__/SuperAdminStep.test.tsx > SuperAdminStep > SuperAdminStepComponent > Form Submission > handles API error during submission
 FAIL  src/components/onboarding/steps/__tests__/SuperAdminStep.test.tsx > SuperAdminStep > SuperAdminStepComponent > Form Submission > shows generic error message when no error message provided
 FAIL  src/components/onboarding/steps/__tests__/SuperAdminStep.test.tsx > SuperAdminStep > SuperAdminStepComponent > Button States > allows clicking submit button when passwords do not match and shows validation error
 FAIL  src/components/onboarding/steps/__tests__/SuperAdminStep.test.tsx > SuperAdminStep > SuperAdminStepComponent > Button States > allows clicking submit button when password is empty and shows validation error
 FAIL  src/components/onboarding/steps/__tests__/SuperAdminStep.test.tsx > SuperAdminStep > SuperAdminStepComponent > Button States > allows clicking submit button when confirm password is empty and shows validation error
 FAIL  src/components/onboarding/steps/__tests__/SuperAdminStep.test.tsx > SuperAdminStep > SuperAdminStepComponent > Button States > enables submit button when all fields are valid
 FAIL  src/components/onboarding/steps/__tests__/SuperAdminStep.test.tsx > SuperAdminStep > SuperAdminStepComponent > Button States > shows loading state during submission
 FAIL  src/components/onboarding/steps/__tests__/SuperAdminStep.test.tsx > SuperAdminStep > SuperAdminStepComponent > Button States > disables fields during loading
 FAIL  src/components/onboarding/steps/__tests__/SuperAdminStep.test.tsx > SuperAdminStep > SuperAdminStepComponent > Error Display > displays parent error when provided
Error: usePublicAuthProviderApi must be used within PublicApiProvider
 ❯ usePublicAuthProviderApi src/contexts/api/AuthProviderApiProvider.tsx:44:11
     42|   const context = useContext(PublicAuthProviderApiContext);
     43|   if (!context) {
     44|     throw new Error('usePublicAuthProviderApi must be used within Publ…
       |           ^
     45|   }
     46|   return context;
 ❯ SuperAdminStepComponent src/components/onboarding/steps/SuperAdminStep.tsx:39:19
 ❯ Object.react_stack_bottom_frame node_modules/react-dom/cjs/react-dom-client.development.js:25904:20
 ❯ renderWithHooks node_modules/react-dom/cjs/react-dom-client.development.js:7662:22
 ❯ updateFunctionComponent node_modules/react-dom/cjs/react-dom-client.development.js:10166:19
 ❯ beginWork node_modules/react-dom/cjs/react-dom-client.development.js:11778:18
 ❯ runWithFiberInDEV node_modules/react-dom/cjs/react-dom-client.development.js:874:13
 ❯ performUnitOfWork node_modules/react-dom/cjs/react-dom-client.development.js:17641:22
 ❯ workLoopSync node_modules/react-dom/cjs/react-dom-client.development.js:17469:41
 ❯ renderRootSync node_modules/react-dom/cjs/react-dom-client.development.js:17450:11

⎯⎯⎯⎯⎯⎯⎯⎯⎯⎯⎯⎯⎯⎯⎯⎯⎯⎯⎯⎯⎯[37/148]⎯


 Test Files  34 failed | 20 passed | 1 skipped (97)
      Tests  134 failed | 269 passed (406)
   Start at  15:43:06
   Duration  138.87s (transform 2.63s, setup 11.00s, collect 187.80s, tests 12.69s, environment 33.91s, prepare 7.57s)

 FAIL  Tests failed. Watching for file changes...
       press h to show help, press q to quit
